Component: ARM Compiler 5.06 update 7 (build 960) Tool: armlink [4d3601]

==============================================================================

Section Cross References

    startup_stm32g473xx.o(RESET) refers to startup_stm32g473xx.o(STACK) for __initial_sp
    startup_stm32g473xx.o(RESET) refers to startup_stm32g473xx.o(.text) for Reset_Handler
    startup_stm32g473xx.o(RESET) refers to stm32g4xx_it.o(i.NMI_Handler) for NMI_Handler
    startup_stm32g473xx.o(RESET) refers to stm32g4xx_it.o(i.HardFault_Handler) for HardFault_Handler
    startup_stm32g473xx.o(RESET) refers to stm32g4xx_it.o(i.MemManage_Handler) for MemManage_Handler
    startup_stm32g473xx.o(RESET) refers to stm32g4xx_it.o(i.BusFault_Handler) for BusFault_Handler
    startup_stm32g473xx.o(RESET) refers to stm32g4xx_it.o(i.UsageFault_Handler) for UsageFault_Handler
    startup_stm32g473xx.o(RESET) refers to stm32g4xx_it.o(i.SVC_Handler) for SVC_Handler
    startup_stm32g473xx.o(RESET) refers to stm32g4xx_it.o(i.DebugMon_Handler) for DebugMon_Handler
    startup_stm32g473xx.o(RESET) refers to stm32g4xx_it.o(i.PendSV_Handler) for PendSV_Handler
    startup_stm32g473xx.o(RESET) refers to stm32g4xx_it.o(i.SysTick_Handler) for SysTick_Handler
    startup_stm32g473xx.o(RESET) refers to stm32g4xx_it.o(i.USB_LP_IRQHandler) for USB_LP_IRQHandler
    startup_stm32g473xx.o(RESET) refers to stm32g4xx_it.o(i.FDCAN2_IT0_IRQHandler) for FDCAN2_IT0_IRQHandler
    startup_stm32g473xx.o(RESET) refers to stm32g4xx_it.o(i.FDCAN3_IT0_IRQHandler) for FDCAN3_IT0_IRQHandler
    startup_stm32g473xx.o(.text) refers to system_stm32g4xx.o(i.SystemInit) for SystemInit
    startup_stm32g473xx.o(.text) refers to entry.o(.ARM.Collect$$$$00000000) for __main
    inter_flash.o(i.Read_Update_Para) refers to memseta.o(.text) for __aeabi_memclr
    inter_flash.o(i.Read_Update_Para) refers to tool.o(i.MyPrintf) for MyPrintf
    inter_flash.o(i.Read_Update_Para) refers to inter_flash.o(i.cpuflash_erase) for cpuflash_erase
    inter_flash.o(i.Read_Update_Para) refers to inter_flash.o(i.cpuflash_write) for cpuflash_write
    inter_flash.o(i.Read_Update_Para) refers to inter_flash.o(.bss) for .bss
    inter_flash.o(i.cpuflash_WriteData) refers to tool.o(i.MyPrintf) for MyPrintf
    inter_flash.o(i.cpuflash_WriteData) refers to inter_flash.o(i.cpuflash_erase) for cpuflash_erase
    inter_flash.o(i.cpuflash_WriteData) refers to inter_flash.o(i.cpuflash_write) for cpuflash_write
    inter_flash.o(i.cpuflash_WriteData) refers to inter_flash.o(.bss) for .bss
    inter_flash.o(i.cpuflash_disableReadProtect) refers to stm32g4xx_hal_flash_ex.o(i.HAL_FLASHEx_OBGetConfig) for HAL_FLASHEx_OBGetConfig
    inter_flash.o(i.cpuflash_disableReadProtect) refers to tool.o(i.MyPrintf) for MyPrintf
    inter_flash.o(i.cpuflash_disableReadProtect) refers to stm32g4xx_hal_flash.o(i.HAL_FLASH_Unlock) for HAL_FLASH_Unlock
    inter_flash.o(i.cpuflash_disableReadProtect) refers to stm32g4xx_hal_flash.o(i.HAL_FLASH_OB_Unlock) for HAL_FLASH_OB_Unlock
    inter_flash.o(i.cpuflash_disableReadProtect) refers to stm32g4xx_hal_flash_ex.o(i.HAL_FLASHEx_OBProgram) for HAL_FLASHEx_OBProgram
    inter_flash.o(i.cpuflash_disableReadProtect) refers to stm32g4xx_hal_flash.o(i.HAL_FLASH_OB_Lock) for HAL_FLASH_OB_Lock
    inter_flash.o(i.cpuflash_disableReadProtect) refers to stm32g4xx_hal_flash.o(i.HAL_FLASH_Lock) for HAL_FLASH_Lock
    inter_flash.o(i.cpuflash_disableReadProtect) refers to inter_flash.o(.constdata) for .constdata
    inter_flash.o(i.cpuflash_enableReadProtect) refers to stm32g4xx_hal_flash_ex.o(i.HAL_FLASHEx_OBGetConfig) for HAL_FLASHEx_OBGetConfig
    inter_flash.o(i.cpuflash_enableReadProtect) refers to tool.o(i.MyPrintf) for MyPrintf
    inter_flash.o(i.cpuflash_enableReadProtect) refers to stm32g4xx_hal_flash.o(i.HAL_FLASH_Unlock) for HAL_FLASH_Unlock
    inter_flash.o(i.cpuflash_enableReadProtect) refers to stm32g4xx_hal_flash.o(i.HAL_FLASH_OB_Unlock) for HAL_FLASH_OB_Unlock
    inter_flash.o(i.cpuflash_enableReadProtect) refers to stm32g4xx_hal_flash_ex.o(i.HAL_FLASHEx_OBProgram) for HAL_FLASHEx_OBProgram
    inter_flash.o(i.cpuflash_enableReadProtect) refers to stm32g4xx_hal_flash.o(i.HAL_FLASH_OB_Lock) for HAL_FLASH_OB_Lock
    inter_flash.o(i.cpuflash_enableReadProtect) refers to stm32g4xx_hal_flash.o(i.HAL_FLASH_Lock) for HAL_FLASH_Lock
    inter_flash.o(i.cpuflash_enableReadProtect) refers to inter_flash.o(.constdata) for .constdata
    inter_flash.o(i.cpuflash_erase) refers to stm32g4xx_hal_flash.o(i.HAL_FLASH_Unlock) for HAL_FLASH_Unlock
    inter_flash.o(i.cpuflash_erase) refers to inter_flash.o(i.GetPage) for GetPage
    inter_flash.o(i.cpuflash_erase) refers to inter_flash.o(i.GetBank) for GetBank
    inter_flash.o(i.cpuflash_erase) refers to tool.o(i.MyPrintf) for MyPrintf
    inter_flash.o(i.cpuflash_erase) refers to stm32g4xx_hal_flash_ex.o(i.HAL_FLASHEx_Erase) for HAL_FLASHEx_Erase
[...]
    USBD_CDC_GetOtherSpeedCfgDesc            0x0800cdb5   Thumb Code     8  usbd_cdc.o(i.USBD_CDC_GetOtherSpeedCfgDesc)
    i.USBD_CDC_Init                          0x0800cdc0   Section        0  usbd_cdc.o(i.USBD_CDC_Init)
    USBD_CDC_Init                            0x0800cdc1   Thumb Code   114  usbd_cdc.o(i.USBD_CDC_Init)
    i.USBD_CDC_InterfaceStrDescriptor        0x0800ce34   Section        0  usbd_desc.o(i.USBD_CDC_InterfaceStrDescriptor)
    i.USBD_CDC_LangIDStrDescriptor           0x0800ce68   Section        0  usbd_desc.o(i.USBD_CDC_LangIDStrDescriptor)
    i.USBD_CDC_ManufacturerStrDescriptor     0x0800ce74   Section        0  usbd_desc.o(i.USBD_CDC_ManufacturerStrDescriptor)
    i.USBD_CDC_ProductStrDescriptor          0x0800ce9c   Section        0  usbd_desc.o(i.USBD_CDC_ProductStrDescriptor)
    i.USBD_CDC_ReceivePacket                 0x0800ced8   Section        0  usbd_cdc.o(i.USBD_CDC_ReceivePacket)
    i.USBD_CDC_RegisterInterface             0x0800cf0a   Section        0  usbd_cdc.o(i.USBD_CDC_RegisterInterface)
    i.USBD_CDC_SerialStrDescriptor           0x0800cf1c   Section        0  usbd_desc.o(i.USBD_CDC_SerialStrDescriptor)
    i.USBD_CDC_SetRxBuffer                   0x0800cf30   Section        0  usbd_cdc.o(i.USBD_CDC_SetRxBuffer)
    i.USBD_CDC_SetTxBuffer                   0x0800cf3c   Section        0  usbd_cdc.o(i.USBD_CDC_SetTxBuffer)
    i.USBD_CDC_Setup                         0x0800cf4c   Section        0  usbd_cdc.o(i.USBD_CDC_Setup)
    USBD_CDC_Setup                           0x0800cf4d   Thumb Code   228  usbd_cdc.o(i.USBD_CDC_Setup)
    i.USBD_CDC_TransmitPacket                0x0800d030   Section        0  usbd_cdc.o(i.USBD_CDC_TransmitPacket)
    i.USBD_ClrClassConfig                    0x0800d064   Section        0  usbd_core.o(i.USBD_ClrClassConfig)
    i.USBD_ClrFeature                        0x0800d072   Section        0  usbd_ctlreq.o(i.USBD_ClrFeature)
    USBD_ClrFeature                          0x0800d073   Thumb Code    38  usbd_ctlreq.o(i.USBD_ClrFeature)
    i.USBD_CtlContinueRx                     0x0800d098   Section        0  usbd_ioreq.o(i.USBD_CtlContinueRx)
    i.USBD_CtlContinueSendData               0x0800d0a8   Section        0  usbd_ioreq.o(i.USBD_CtlContinueSendData)
    i.USBD_CtlError                          0x0800d0b8   Section        0  usbd_ctlreq.o(i.USBD_CtlError)
    i.USBD_CtlPrepareRx                      0x0800d0d0   Section        0  usbd_ioreq.o(i.USBD_CtlPrepareRx)
    i.USBD_CtlReceiveStatus                  0x0800d0ee   Section        0  usbd_ioreq.o(i.USBD_CtlReceiveStatus)
    i.USBD_CtlSendData                       0x0800d104   Section        0  usbd_ioreq.o(i.USBD_CtlSendData)
    i.USBD_CtlSendStatus                     0x0800d11e   Section        0  usbd_ioreq.o(i.USBD_CtlSendStatus)
    i.USBD_GetConfig                         0x0800d134   Section        0  usbd_ctlreq.o(i.USBD_GetConfig)
    USBD_GetConfig                           0x0800d135   Thumb Code    58  usbd_ctlreq.o(i.USBD_GetConfig)
    i.USBD_GetDescriptor                     0x0800d16e   Section        0  usbd_ctlreq.o(i.USBD_GetDescriptor)
    USBD_GetDescriptor                       0x0800d16f   Thumb Code   470  usbd_ctlreq.o(i.USBD_GetDescriptor)
    i.USBD_GetLen                            0x0800d344   Section        0  usbd_ctlreq.o(i.USBD_GetLen)
    USBD_GetLen                              0x0800d345   Thumb Code    20  usbd_ctlreq.o(i.USBD_GetLen)
    i.USBD_GetStatus                         0x0800d358   Section        0  usbd_ctlreq.o(i.USBD_GetStatus)
    USBD_GetStatus                           0x0800d359   Thumb Code    60  usbd_ctlreq.o(i.USBD_GetStatus)
    i.USBD_GetString                         0x0800d394   Section        0  usbd_ctlreq.o(i.USBD_GetString)
    i.USBD_Get_USB_Status                    0x0800d3d2   Section        0  usbd_conf.o(i.USBD_Get_USB_Status)
    USBD_Get_USB_Status                      0x0800d3d3   Thumb Code    36  usbd_conf.o(i.USBD_Get_USB_Status)
    i.USBD_Init                              0x0800d3f6   Section        0  usbd_core.o(i.USBD_Init)
    i.USBD_LL_ClearStallEP                   0x0800d422   Section        0  usbd_conf.o(i.USBD_LL_ClearStallEP)
    i.USBD_LL_CloseEP                        0x0800d434   Section        0  usbd_conf.o(i.USBD_LL_CloseEP)
    i.USBD_LL_DataInStage                    0x0800d446   Section        0  usbd_core.o(i.USBD_LL_DataInStage)
    i.USBD_LL_DataOutStage                   0x0800d51c   Section        0  usbd_core.o(i.USBD_LL_DataOutStage)
    i.USBD_LL_GetRxDataSize                  0x0800d5a2   Section        0  usbd_conf.o(i.USBD_LL_GetRxDataSize)
    i.USBD_LL_Init                           0x0800d5ac   Section        0  usbd_conf.o(i.USBD_LL_Init)
    i.USBD_LL_IsStallEP                      0x0800d62c   Section        0  usbd_conf.o(i.USBD_LL_IsStallEP)
    i.USBD_LL_OpenEP                         0x0800d648   Section        0  usbd_conf.o(i.USBD_LL_OpenEP)
    i.USBD_LL_PrepareReceive                 0x0800d660   Section        0  usbd_conf.o(i.USBD_LL_PrepareReceive)
    i.USBD_LL_Reset                          0x0800d672   Section        0  usbd_core.o(i.USBD_LL_Reset)
    i.USBD_LL_Resume                         0x0800d6c4   Section        0  usbd_core.o(i.USBD_LL_Resume)
    i.USBD_LL_SOF                            0x0800d6d8   Section        0  usbd_core.o(i.USBD_LL_SOF)
    i.USBD_LL_SetSpeed                       0x0800d6f0   Section        0  usbd_core.o(i.USBD_LL_SetSpeed)
    i.USBD_LL_SetUSBAddress                  0x0800d6f6   Section        0  usbd_conf.o(i.USBD_LL_SetUSBAddress)
    i.USBD_LL_SetupStage                     0x0800d708   Section        0  usbd_core.o(i.USBD_LL_SetupStage)
    i.USBD_LL_StallEP                        0x0800d762   Section        0  usbd_conf.o(i.USBD_LL_StallEP)
    i.USBD_LL_Start                          0x0800d774   Section        0  usbd_conf.o(i.USBD_LL_Start)
    i.USBD_LL_Suspend                        0x0800d786   Section        0  usbd_core.o(i.USBD_LL_Suspend)
    i.USBD_LL_Transmit                       0x0800d796   Section        0  usbd_conf.o(i.USBD_LL_Transmit)
    i.USBD_ParseSetupRequest                 0x0800d7a8   Section        0  usbd_ctlreq.o(i.USBD_ParseSetupRequest)
    i.USBD_RegisterClass                     0x0800d7d0   Section        0  usbd_core.o(i.USBD_RegisterClass)
    i.USBD_RunTestMode                       0x0800d7e2   Section        0  usbd_core.o(i.USBD_RunTestMode)
    i.USBD_SetAddress                        0x0800d7e6   Section        0  usbd_ctlreq.o(i.USBD_SetAddress)
    USBD_SetAddress                          0x0800d7e7   Thumb Code    88  usbd_ctlreq.o(i.USBD_SetAddress)
    i.USBD_SetClassConfig                    0x0800d83e   Section        0  usbd_core.o(i.USBD_SetClassConfig)
    i.USBD_SetConfig                         0x0800d858   Section        0  usbd_ctlreq.o(i.USBD_SetConfig)
    USBD_SetConfig                           0x0800d859   Thumb Code   198  usbd_ctlreq.o(i.USBD_SetConfig)
    i.USBD_SetFeature                        0x0800d924   Section        0  usbd_ctlreq.o(i.USBD_SetFeature)
    USBD_SetFeature                          0x0800d925   Thumb Code    16  usbd_ctlreq.o(i.USBD_SetFeature)
    i.USBD_Start                             0x0800d934   Section        0  usbd_core.o(i.USBD_Start)
    i.USBD_StdDevReq                         0x0800d93e   Section        0  usbd_ctlreq.o(i.USBD_StdDevReq)
    i.USBD_StdEPReq                          0x0800d9a8   Section        0  usbd_ctlreq.o(i.USBD_StdEPReq)
    i.USBD_StdItfReq                         0x0800db8c   Section        0  usbd_ctlreq.o(i.USBD_StdItfReq)
    i.USBD_static_free                       0x0800dbf6   Section        0  usbd_conf.o(i.USBD_static_free)
    i.USBD_static_malloc                     0x0800dbf8   Section        0  usbd_conf.o(i.USBD_static_malloc)
    i.USB_ActivateEndpoint                   0x0800dc00   Section        0  stm32g4xx_ll_usb.o(i.USB_ActivateEndpoint)
    i.USB_Data_Out                           0x0800dec0   Section        0  usb_data.o(i.USB_Data_Out)
    i.USB_DeactivateEndpoint                 0x0800dfc0   Section        0  stm32g4xx_ll_usb.o(i.USB_DeactivateEndpoint)
    i.USB_DevConnect                         0x0800e0f8   Section        0  stm32g4xx_ll_usb.o(i.USB_DevConnect)
    i.USB_DevInit                            0x0800e106   Section        0  stm32g4xx_ll_usb.o(i.USB_DevInit)
    i.USB_DisableGlobalInt                   0x0800e120   Section        0  stm32g4xx_ll_usb.o(i.USB_DisableGlobalInt)
    i.USB_EP0_OutStart                       0x0800e130   Section        0  stm32g4xx_ll_usb.o(i.USB_EP0_OutStart)
    i.USB_EPClearStall                       0x0800e134   Section        0  stm32g4xx_ll_usb.o(i.USB_EPClearStall)
    i.USB_EPSetStall                         0x0800e1b8   Section        0  stm32g4xx_ll_usb.o(i.USB_EPSetStall)
    i.USB_EPStartXfer                        0x0800e1f4   Section        0  stm32g4xx_ll_usb.o(i.USB_EPStartXfer)
    i.USB_EnableGlobalInt                    0x0800e3f6   Section        0  stm32g4xx_ll_usb.o(i.USB_EnableGlobalInt)
    i.USB_LP_IRQHandler                      0x0800e408   Section        0  stm32g4xx_it.o(i.USB_LP_IRQHandler)
    i.USB_ReadInterrupts                     0x0800e414   Section        0  stm32g4xx_ll_usb.o(i.USB_ReadInterrupts)
    i.USB_ReadPMA                            0x0800e41a   Section        0  stm32g4xx_ll_usb.o(i.USB_ReadPMA)
    i.USB_SetDevAddress                      0x0800e444   Section        0  stm32g4xx_ll_usb.o(i.USB_SetDevAddress)
    i.USB_WritePMA                           0x0800e452   Section        0  stm32g4xx_ll_usb.o(i.USB_WritePMA)
    i.USER_CAN2_Send                         0x0800e478   Section        0  driver_ucan.o(i.USER_CAN2_Send)
    i.USER_CAN3_Send                         0x0800e4b0   Section        0  driver_ucan.o(i.USER_CAN3_Send)
    i.UsageFault_Handler                     0x0800e4d0   Section        0  stm32g4xx_it.o(i.UsageFault_Handler)
    i.Usb_Buf_In                             0x0800e4d4   Section        0  usb_data.o(i.Usb_Buf_In)
    i.Usb_Data_Init                          0x0800e508   Section        0  usb_data.o(i.Usb_Data_Init)
    i.Usb_Pro_Pack                           0x0800e53c   Section        0  usb_data.o(i.Usb_Pro_Pack)
    i.Usb_Pro_PackT                          0x0800e588   Section        0  usb_data.o(i.Usb_Pro_PackT)
    i.Usb_Send_Data                          0x0800e5e0   Section        0  usb_data.o(i.Usb_Send_Data)
    i.__0vsprintf                            0x0800e6ac   Section        0  printfa.o(i.__0vsprintf)
    i.__NVIC_SetPriority                     0x0800e6d0   Section        0  stm32g4xx_hal_cortex.o(i.__NVIC_SetPriority)
    __NVIC_SetPriority                       0x0800e6d1   Thumb Code    32  stm32g4xx_hal_cortex.o(i.__NVIC_SetPriority)
    i.__scatterload_copy                     0x0800e6f0   Section       14  handlers.o(i.__scatterload_copy)
    i.__scatterload_null                     0x0800e6fe   Section        2  handlers.o(i.__scatterload_null)
    i.__scatterload_zeroinit                 0x0800e700   Section       14  handlers.o(i.__scatterload_zeroinit)
    i._fp_digits                             0x0800e710   Section        0  printfa.o(i._fp_digits)
    _fp_digits                               0x0800e711   Thumb Code   366  printfa.o(i._fp_digits)
    i._printf_core                           0x0800e894   Section        0  printfa.o(i._printf_core)
    _printf_core                             0x0800e895   Thumb Code  1704  printfa.o(i._printf_core)
    i._printf_post_padding                   0x0800ef48   Section        0  printfa.o(i._printf_post_padding)
    _printf_post_padding                     0x0800ef49   Thumb Code    36  printfa.o(i._printf_post_padding)
    i._printf_pre_padding                    0x0800ef6c   Section        0  printfa.o(i._printf_pre_padding)
    _printf_pre_padding                      0x0800ef6d   Thumb Code    46  printfa.o(i._printf_pre_padding)
    i._sputc                                 0x0800ef9a   Section        0  printfa.o(i._sputc)
    _sputc                                   0x0800ef9b   Thumb Code    10  printfa.o(i._sputc)
    i.cpuflash_WriteData                     0x0800efa4   Section        0  inter_flash.o(i.cpuflash_WriteData)
    i.cpuflash_erase                         0x0800f030   Section        0  inter_flash.o(i.cpuflash_erase)
    i.cpuflash_write                         0x0800f0e4   Section        0  inter_flash.o(i.cpuflash_write)
    i.main                                   0x0800f1c0   Section        0  main.o(i.main)
    .constdata                               0x0800f204   Section       16  stm32g4xx_hal_fdcan.o(.constdata)
    DLCtoBytes                               0x0800f204   Data          16  stm32g4xx_hal_fdcan.o(.constdata)
    .constdata                               0x0800f214   Section       16  system_stm32g4xx.o(.constdata)
    .constdata                               0x0800f224   Section        8  system_stm32g4xx.o(.constdata)
    .data                                    0x20000000   Section        2  usb_data.o(.data)
    ProStep                                  0x20000000   Data           1  usb_data.o(.data)
    CheckSum                                 0x20000001   Data           1  usb_data.o(.data)
    .data                                    0x20000004   Section       32  usbd_desc.o(.data)
    .data                                    0x20000024   Section       50  usbd_desc.o(.data)
    .data                                    0x20000058   Section       16  usbd_cdc_if.o(.data)
    .data                                    0x20000068   Section        4  stm32g4xx_hal_msp.o(.data)
    HAL_RCC_FDCAN_CLK_ENABLED                0x20000068   Data           4  stm32g4xx_hal_msp.o(.data)
    .data                                    0x2000006c   Section       72  driver_ucan.o(.data)
    AppStep                                  0x2000006e   Data           1  driver_ucan.o(.data)
    AppTime                                  0x20000070   Data           4  driver_ucan.o(.data)
    .data                                    0x200000b4   Section       12  stm32g4xx_hal.o(.data)
    .data                                    0x200000c0   Section       32  stm32g4xx_hal_flash.o(.data)
    .data                                    0x200000e0   Section        4  system_stm32g4xx.o(.data)
    .data                                    0x200000e4   Section        1  usbd_ctlreq.o(.data)
    cfgidx                                   0x200000e4   Data           1  usbd_ctlreq.o(.data)
    .data                                    0x200000e8   Section      215  usbd_cdc.o(.data)
    USBD_CDC_DeviceQualifierDesc             0x200000e8   Data          10  usbd_cdc.o(.data)
    .data                                    0x200001c0   Section       56  usbd_cdc.o(.data)
    .bss                                     0x200001f8   Section      271  inter_flash.o(.bss)
    .bss                                     0x20000307   Section     1722  usb_data.o(.bss)
    .bss                                     0x200009c4   Section      708  usb_device.o(.bss)
    .bss                                     0x20000c88   Section     1172  usbd_conf.o(.bss)
    mem                                      0x20000c88   Data         544  usbd_conf.o(.bss)
    .bss                                     0x2000111c   Section      512  usbd_desc.o(.bss)
    .bss                                     0x2000131c   Section     2000  usbd_cdc_if.o(.bss)
    .bss                                     0x20001aec   Section      688  driver_ucan.o(.bss)
    STACK                                    0x20001da0   Section     4608  startup_stm32g473xx.o(STACK)

    Global Symbols

    Symbol Name                              Value     Ov Type        Size  Object(Section)

    BuildAttributes$$THM_ISAv4$E$P$D$K$B$S$7EM$VFPi3$EXTD16$VFPS$VFMA$PE$A:L22UL41UL21$X:L11$S22US41US21$IEEE1$IW$USESV6$~STKCKD$USESV7$~SHL$OSPACE$ROPI$EBA8$MICROLIB$REQ8$PRES8$EABIv2 0x00000000   Number         0  anon$$obj.o ABSOLUTE
    __ARM_use_no_argv                        0x00000000   Number         0  main.o ABSOLUTE
    __arm_fini_                               - Undefined Weak Reference
    __cpp_initialize__aeabi_                  - Undefined Weak Reference
    __cxa_finalize                            - Undefined Weak Reference
    _clock_init                               - Undefined Weak Reference
    _microlib_exit                            - Undefined Weak Reference
    __Vectors_Size                           0x000001d8   Number         0  startup_stm32g473xx.o ABSOLUTE
    __Vectors                                0x08009000   Data           4  startup_stm32g473xx.o(RESET)
    __Vectors_End                            0x080091d8   Data           0  startup_stm32g473xx.o(RESET)
    __main                                   0x080091d9   Thumb Code     0  entry.o(.ARM.Collect$$$$00000000)
    _main_stk                                0x080091d9   Thumb Code     0  entry2.o(.ARM.Collect$$$$00000001)
    _main_scatterload                        0x080091dd   Thumb Code     0  entry5.o(.ARM.Collect$$$$00000004)
    __main_after_scatterload                 0x080091e1   Thumb Code     0  entry5.o(.ARM.Collect$$$$00000004)
    _main_clock                              0x080091e1   Thumb Code     0  entry7b.o(.ARM.Collect$$$$00000008)
    _main_cpp_init                           0x080091e1   Thumb Code     0  entry8b.o(.ARM.Collect$$$$0000000A)
    _main_init                               0x080091e1   Thumb Code     0  entry9a.o(.ARM.Collect$$$$0000000B)
    __rt_lib_shutdown_fini                   0x080091e9   Thumb Code     0  entry12b.o(.ARM.Collect$$$$0000000E)
    __rt_final_cpp                           0x080091ed   Thumb Code     0  entry10a.o(.ARM.Collect$$$$0000000F)
    __rt_final_exit                          0x080091ed   Thumb Code     0  entry11a.o(.ARM.Collect$$$$00000011)
    Reset_Handler                            0x080091f1   Thumb Code     8  startup_stm32g473xx.o(.text)
    ADC1_2_IRQHandler                        0x0800920b   Thumb Code     0  startup_stm32g473xx.o(.text)
    ADC3_IRQHandler                          0x0800920b   Thumb Code     0  startup_stm32g473xx.o(.text)
    ADC4_IRQHandler                          0x0800920b   Thumb Code     0  startup_stm32g473xx.o(.text)
    ADC5_IRQHandler                          0x0800920b   Thumb Code     0  startup_stm32g473xx.o(.text)
    COMP1_2_3_IRQHandler                     0x0800920b   Thumb Code     0  startup_stm32g473xx.o(.text)
    COMP4_5_6_IRQHandler                     0x0800920b   Thumb Code     0  startup_stm32g473xx.o(.text)
    COMP7_IRQHandler                         0x0800920b   Thumb Code     0  startup_stm32g473xx.o(.text)
    CORDIC_IRQHandler                        0x0800920b   Thumb Code     0  startup_stm32g473xx.o(.text)
    CRS_IRQHandler                           0x0800920b   Thumb Code     0  startup_stm32g473xx.o(.text)
    DMA1_Channel1_IRQHandler                 0x0800920b   Thumb Code     0  startup_stm32g473xx.o(.text)
    DMA1_Channel2_IRQHandler                 0x0800920b   Thumb Code     0  startup_stm32g473xx.o(.text)
    DMA1_Channel3_IRQHandler                 0x0800920b   Thumb Code     0  startup_stm32g473xx.o(.text)
    DMA1_Channel4_IRQHandler                 0x0800920b   Thumb Code     0  startup_stm32g473xx.o(.text)
    DMA1_Channel5_IRQHandler                 0x0800920b   Thumb Code     0  startup_stm32g473xx.o(.text)
    DMA1_Channel6_IRQHandler                 0x0800920b   Thumb Code     0  startup_stm32g473xx.o(.text)
    DMA1_Channel7_IRQHandler                 0x0800920b   Thumb Code     0  startup_stm32g473xx.o(.text)
    DMA1_Channel8_IRQHandler                 0x0800920b   Thumb Code     0  startup_stm32g473xx.o(.text)
    DMA2_Channel1_IRQHandler                 0x0800920b   Thumb Code     0  startup_stm32g473xx.o(.text)
    DMA2_Channel2_IRQHandler                 0x0800920b   Thumb Code     0  startup_stm32g473xx.o(.text)
    DMA2_Channel3_IRQHandler                 0x0800920b   Thumb Code     0  startup_stm32g473xx.o(.text)
    DMA2_Channel4_IRQHandler                 0x0800920b   Thumb Code     0  startup_stm32g473xx.o(.text)
    DMA2_Channel5_IRQHandler                 0x0800920b   Thumb Code     0  startup_stm32g473xx.o(.text)
    DMA2_Channel6_IRQHandler                 0x0800920b   Thumb Code     0  startup_stm32g473xx.o(.text)
    DMA2_Channel7_IRQHandler                 0x0800920b   Thumb Code     0  startup_stm32g473xx.o(.text)
    DMA2_Channel8_IRQHandler                 0x0800920b   Thumb Code     0  startup_stm32g473xx.o(.text)
    DMAMUX_OVR_IRQHandler                    0x0800920b   Thumb Code     0  startup_stm32g473xx.o(.text)
    EXTI0_IRQHandler                         0x0800920b   Thumb Code     0  startup_stm32g473xx.o(.text)
    EXTI15_10_IRQHandler                     0x0800920b   Thumb Code     0  startup_stm32g473xx.o(.text)
    EXTI1_IRQHandler                         0x0800920b   Thumb Code     0  startup_stm32g473xx.o(.text)
    EXTI2_IRQHandler                         0x0800920b   Thumb Code     0  startup_stm32g473xx.o(.text)
    EXTI3_IRQHandler                         0x0800920b   Thumb Code     0  startup_stm32g473xx.o(.text)
    EXTI4_IRQHandler                         0x0800920b   Thumb Code     0  startup_stm32g473xx.o(.text)
    EXTI9_5_IRQHandler                       0x0800920b   Thumb Code     0  startup_stm32g473xx.o(.text)
    FDCAN2_IT1_IRQHandler                    0x0800920b   Thumb Code     0  startup_stm32g473xx.o(.text)
    FDCAN3_IT1_IRQHandler                    0x0800920b   Thumb Code     0  startup_stm32g473xx.o(.text)
    FLASH_IRQHandler                         0x0800920b   Thumb Code     0  startup_stm32g473xx.o(.text)
    FMAC_IRQHandler                          0x0800920b   Thumb Code     0  startup_stm32g473xx.o(.text)
    FMC_IRQHandler                           0x0800920b   Thumb Code     0  startup_stm32g473xx.o(.text)
    FPU_IRQHandler                           0x0800920b   Thumb Code     0  startup_stm32g473xx.o(.text)
    I2C1_ER_IRQHandler                       0x0800920b   Thumb Code     0  startup_stm32g473xx.o(.text)
    I2C1_EV_IRQHandler                       0x0800920b   Thumb Code     0  startup_stm32g473xx.o(.text)
    I2C2_ER_IRQHandler                       0x0800920b   Thumb Code     0  startup_stm32g473xx.o(.text)
    I2C2_EV_IRQHandler                       0x0800920b   Thumb Code     0  startup_stm32g473xx.o(.text)
    I2C3_ER_IRQHandler                       0x0800920b   Thumb Code     0  startup_stm32g473xx.o(.text)
    I2C3_EV_IRQHandler                       0x0800920b   Thumb Code     0  startup_stm32g473xx.o(.text)
    I2C4_ER_IRQHandler                       0x0800920b   Thumb Code     0  startup_stm32g473xx.o(.text)
    I2C4_EV_IRQHandler                       0x0800920b   Thumb Code     0  startup_stm32g473xx.o(.text)
    LPTIM1_IRQHandler                        0x0800920b   Thumb Code     0  startup_stm32g473xx.o(.text)
    LPUART1_IRQHandler                       0x0800920b   Thumb Code     0  startup_stm32g473xx.o(.text)
    PVD_PVM_IRQHandler                       0x0800920b   Thumb Code     0  startup_stm32g473xx.o(.text)
    QUADSPI_IRQHandler                       0x0800920b   Thumb Code     0  startup_stm32g473xx.o(.text)
    RCC_IRQHandler                           0x0800920b   Thumb Code     0  startup_stm32g473xx.o(.text)
    RNG_IRQHandler                           0x0800920b   Thumb Code     0  startup_stm32g473xx.o(.text)
    RTC_Alarm_IRQHandler                     0x0800920b   Thumb Code     0  startup_stm32g473xx.o(.text)
    RTC_TAMP_LSECSS_IRQHandler               0x0800920b   Thumb Code     0  startup_stm32g473xx.o(.text)
    RTC_WKUP_IRQHandler                      0x0800920b   Thumb Code     0  startup_stm32g473xx.o(.text)
    SAI1_IRQHandler                          0x0800920b   Thumb Code     0  startup_stm32g473xx.o(.text)
    SPI1_IRQHandler                          0x0800920b   Thumb Code     0  startup_stm32g473xx.o(.text)
    SPI2_IRQHandler                          0x0800920b   Thumb Code     0  startup_stm32g473xx.o(.text)
    SPI3_IRQHandler                          0x0800920b   Thumb Code     0  startup_stm32g473xx.o(.text)
    SPI4_IRQHandler                          0x0800920b   Thumb Code     0  startup_stm32g473xx.o(.text)
    TIM1_BRK_TIM15_IRQHandler                0x0800920b   Thumb Code     0  startup_stm32g473xx.o(.text)
    TIM1_CC_IRQHandler                       0x0800920b   Thumb Code     0  startup_stm32g473xx.o(.text)
    TIM1_TRG_COM_TIM17_IRQHandler            0x0800920b   Thumb Code     0  startup_stm32g473xx.o(.text)
    TIM1_UP_TIM16_IRQHandler                 0x0800920b   Thumb Code     0  startup_stm32g473xx.o(.text)
    TIM20_BRK_IRQHandler                     0x0800920b   Thumb Code     0  startup_stm32g473xx.o(.text)
    TIM20_CC_IRQHandler                      0x0800920b   Thumb Code     0  startup_stm32g473xx.o(.text)
    TIM20_TRG_COM_IRQHandler                 0x0800920b   Thumb Code     0  startup_stm32g473xx.o(.text)
    TIM20_UP_IRQHandler                      0x0800920b   Thumb Code     0  startup_stm32g473xx.o(.text)
    TIM2_IRQHandler                          0x0800920b   Thumb Code     0  startup_stm32g473xx.o(.text)
    TIM3_IRQHandler                          0x0800920b   Thumb Code     0  startup_stm32g473xx.o(.text)
    TIM4_IRQHandler                          0x0800920b   Thumb Code     0  startup_stm32g473xx.o(.text)
    TIM5_IRQHandler                          0x0800920b   Thumb Code     0  startup_stm32g473xx.o(.text)
    TIM6_DAC_IRQHandler                      0x0800920b   Thumb Code     0  startup_stm32g473xx.o(.text)
    TIM7_DAC_IRQHandler                      0x0800920b   Thumb Code     0  startup_stm32g473xx.o(.text)
    TIM8_BRK_IRQHandler                      0x0800920b   Thumb Code     0  startup_stm32g473xx.o(.text)
    TIM8_CC_IRQHandler                       0x0800920b   Thumb Code     0  startup_stm32g473xx.o(.text)
    TIM8_TRG_COM_IRQHandler                  0x0800920b   Thumb Code     0  startup_stm32g473xx.o(.text)
    TIM8_UP_IRQHandler                       0x0800920b   Thumb Code     0  startup_stm32g473xx.o(.text)
    UART4_IRQHandler                         0x0800920b   Thumb Code     0  startup_stm32g473xx.o(.text)
    UART5_IRQHandler                         0x0800920b   Thumb Code     0  startup_stm32g473xx.o(.text)
    UCPD1_IRQHandler                         0x0800920b   Thumb Code     0  startup_stm32g473xx.o(.text)
    USART1_IRQHandler                        0x0800920b   Thumb Code     0  startup_stm32g473xx.o(.text)
    USART2_IRQHandler                        0x0800920b   Thumb Code     0  startup_stm32g473xx.o(.text)
    USART3_IRQHandler                        0x0800920b   Thumb Code     0  startup_stm32g473xx.o(.text)
    USBWakeUp_IRQHandler                     0x0800920b   Thumb Code     0  startup_stm32g473xx.o(.text)
    USB_HP_IRQHandler                        0x0800920b   Thumb Code     0  startup_stm32g473xx.o(.text)
    WWDG_IRQHandler                          0x0800920b   Thumb Code     0  startup_stm32g473xx.o(.text)
    __aeabi_memcpy                           0x08009215   Thumb Code    36  memcpya.o(.text)
    __aeabi_memcpy4                          0x08009215   Thumb Code     0  memcpya.o(.text)
    __aeabi_memcpy8                          0x08009215   Thumb Code     0  memcpya.o(.text)
    __aeabi_memset                           0x08009239   Thumb Code    14  memseta.o(.text)
    __aeabi_memset4                          0x08009239   Thumb Code     0  memseta.o(.text)
    __aeabi_memset8                          0x08009239   Thumb Code     0  memseta.o(.text)
    __aeabi_memclr                           0x08009247   Thumb Code     4  memseta.o(.text)
    __aeabi_memclr4                          0x08009247   Thumb Code     0  memseta.o(.text)
    __aeabi_memclr8                          0x08009247   Thumb Code     0  memseta.o(.text)
    _memset$wrapper                          0x0800924b   Thumb Code    18  memseta.o(.text)
    __aeabi_uidiv                            0x0800925d   Thumb Code     0  uidiv.o(.text)
    __aeabi_uidivmod                         0x0800925d   Thumb Code    44  uidiv.o(.text)
    __aeabi_uldivmod                         0x08009289   Thumb Code    98  uldiv.o(.text)
    __I$use$fp                               0x080092eb   Thumb Code     0  iusefp.o(.text)
    __aeabi_dadd                             0x080092eb   Thumb Code   322  dadd.o(.text)
    __aeabi_dsub                             0x0800942d   Thumb Code     6  dadd.o(.text)
    __aeabi_drsub                            0x08009433   Thumb Code     6  dadd.o(.text)
    __aeabi_dmul                             0x08009439   Thumb Code   228  dmul.o(.text)
    __aeabi_ddiv                             0x0800951d   Thumb Code   222  ddiv.o(.text)
    __aeabi_d2ulz                            0x080095fb   Thumb Code    48  dfixul.o(.text)
    __aeabi_cdrcmple                         0x0800962d   Thumb Code    48  cdrcmple.o(.text)
    __scatterload                            0x0800965d   Thumb Code    28  init.o(.text)
    __scatterload_rt2                        0x0800965d   Thumb Code     0  init.o(.text)
    __aeabi_llsl                             0x08009681   Thumb Code    30  llshl.o(.text)
    _ll_shift_l                              0x08009681   Thumb Code     0  llshl.o(.text)
    __aeabi_llsr                             0x0800969f   Thumb Code    32  llushr.o(.text)
    _ll_ushift_r                             0x0800969f   Thumb Code     0  llushr.o(.text)
    __aeabi_lasr                             0x080096bf   Thumb Code    36  llsshr.o(.text)
    _ll_sshift_r                             0x080096bf   Thumb Code     0  llsshr.o(.text)
    _double_round                            0x080096e3   Thumb Code    30  depilogue.o(.text)
    _double_epilogue                         0x08009701   Thumb Code   156  depilogue.o(.text)
    __decompress                             0x0800979d   Thumb Code     0  __dczerorl2.o(.text)
    __decompress1                            0x0800979d   Thumb Code    86  __dczerorl2.o(.text)
    BusFault_Handler                         0x080097f3   Thumb Code     2  stm32g4xx_it.o(i.BusFault_Handler)
    CAN2_Data_Pack                           0x080097f5   Thumb Code   202  driver_ucan.o(i.CAN2_Data_Pack)
    CAN3_Data_Pack                           0x08009911   Thumb Code   180  driver_ucan.o(i.CAN3_Data_Pack)
    CDC_Transmit_FS                          0x08009a11   Thumb Code    40  usbd_cdc_if.o(i.CDC_Transmit_FS)
    CheckSysTick                             0x08009a3d   Thumb Code    40  tool.o(i.CheckSysTick)
    DebugMon_Handler                         0x08009a65   Thumb Code     2  stm32g4xx_it.o(i.DebugMon_Handler)
    Driver_CANPara_Init                      0x08009a69   Thumb Code   160  driver_ucan.o(i.Driver_CANPara_Init)
    Error_Handler                            0x08009b19   Thumb Code     2  main.o(i.Error_Handler)
    FDCAN2_IT0_IRQHandler                    0x08009b1d   Thumb Code     6  stm32g4xx_it.o(i.FDCAN2_IT0_IRQHandler)
    FDCAN3_IT0_IRQHandler                    0x08009b29   Thumb Code     6  stm32g4xx_it.o(i.FDCAN3_IT0_IRQHandler)
    FLASH_FlushCaches                        0x08009c1d   Thumb Code    76  stm32g4xx_hal_flash_ex.o(i.FLASH_FlushCaches)
    FLASH_PageErase                          0x08009cad   Thumb Code    72  stm32g4xx_hal_flash_ex.o(i.FLASH_PageErase)
    FLASH_WaitForLastOperation               0x08009d41   Thumb Code    94  stm32g4xx_hal_flash.o(i.FLASH_WaitForLastOperation)
    GetBank                                  0x08009da9   Thumb Code    50  inter_flash.o(i.GetBank)
    GetPage                                  0x08009de5   Thumb Code    42  inter_flash.o(i.GetPage)
    GetSysTick                               0x08009e15   Thumb Code    12  tool.o(i.GetSysTick)
    HAL_Delay                                0x08009e59   Thumb Code    32  stm32g4xx_hal.o(i.HAL_Delay)
    HAL_FDCAN_ActivateNotification           0x08009e7d   Thumb Code   224  stm32g4xx_hal_fdcan.o(i.HAL_FDCAN_ActivateNotification)
    HAL_FDCAN_AddMessageToTxFifoQ            0x08009f5d   Thumb Code    78  stm32g4xx_hal_fdcan.o(i.HAL_FDCAN_AddMessageToTxFifoQ)
    HAL_FDCAN_ConfigFilter                   0x08009fab   Thumb Code    94  stm32g4xx_hal_fdcan.o(i.HAL_FDCAN_ConfigFilter)
    HAL_FDCAN_ConfigGlobalFilter             0x0800a009   Thumb Code    54  stm32g4xx_hal_fdcan.o(i.HAL_FDCAN_ConfigGlobalFilter)
    HAL_FDCAN_DeInit                         0x0800a03f   Thumb Code    44  stm32g4xx_hal_fdcan.o(i.HAL_FDCAN_DeInit)
    HAL_FDCAN_EnableTxDelayCompensation      0x0800a06b   Thumb Code    34  stm32g4xx_hal_fdcan.o(i.HAL_FDCAN_EnableTxDelayCompensation)
    HAL_FDCAN_ErrorCallback                  0x0800a08d   Thumb Code     2  stm32g4xx_hal_fdcan.o(i.HAL_FDCAN_ErrorCallback)
    HAL_FDCAN_ErrorStatusCallback            0x0800a08f   Thumb Code     2  stm32g4xx_hal_fdcan.o(i.HAL_FDCAN_ErrorStatusCallback)
    HAL_FDCAN_GetRxMessage                   0x0800a091   Thumb Code   254  stm32g4xx_hal_fdcan.o(i.HAL_FDCAN_GetRxMessage)
    HAL_FDCAN_HighPriorityMessageCallback    0x0800a195   Thumb Code     2  stm32g4xx_hal_fdcan.o(i.HAL_FDCAN_HighPriorityMessageCallback)
    HAL_FDCAN_IRQHandler                     0x0800a197   Thumb Code   360  stm32g4xx_hal_fdcan.o(i.HAL_FDCAN_IRQHandler)
    HAL_FDCAN_Init                           0x0800a301   Thumb Code   466  stm32g4xx_hal_fdcan.o(i.HAL_FDCAN_Init)
    HAL_FDCAN_MspDeInit                      0x0800a4dd   Thumb Code    84  stm32g4xx_hal_msp.o(i.HAL_FDCAN_MspDeInit)
    HAL_FDCAN_MspInit                        0x0800a545   Thumb Code   202  stm32g4xx_hal_msp.o(i.HAL_FDCAN_MspInit)
    HAL_FDCAN_RxFifo0Callback                0x0800a625   Thumb Code    58  driver_ucan.o(i.HAL_FDCAN_RxFifo0Callback)
    HAL_FDCAN_RxFifo1Callback                0x0800a689   Thumb Code     2  stm32g4xx_hal_fdcan.o(i.HAL_FDCAN_RxFifo1Callback)
    HAL_FDCAN_Start                          0x0800a68b   Thumb Code    44  stm32g4xx_hal_fdcan.o(i.HAL_FDCAN_Start)
    HAL_FDCAN_Stop                           0x0800a6b7   Thumb Code   132  stm32g4xx_hal_fdcan.o(i.HAL_FDCAN_Stop)
    HAL_FDCAN_TimeoutOccurredCallback        0x0800a73b   Thumb Code     2  stm32g4xx_hal_fdcan.o(i.HAL_FDCAN_TimeoutOccurredCallback)
    HAL_FDCAN_TimestampWraparoundCallback    0x0800a73d   Thumb Code     2  stm32g4xx_hal_fdcan.o(i.HAL_FDCAN_TimestampWraparoundCallback)
    HAL_FDCAN_TxBufferAbortCallback          0x0800a73f   Thumb Code     2  stm32g4xx_hal_fdcan.o(i.HAL_FDCAN_TxBufferAbortCallback)
    HAL_FDCAN_TxBufferCompleteCallback       0x0800a741   Thumb Code     2  stm32g4xx_hal_fdcan.o(i.HAL_FDCAN_TxBufferCompleteCallback)
    HAL_FDCAN_TxEventFifoCallback            0x0800a743   Thumb Code     2  stm32g4xx_hal_fdcan.o(i.HAL_FDCAN_TxEventFifoCallback)
    HAL_FDCAN_TxFifoEmptyCallback            0x0800a745   Thumb Code     2  stm32g4xx_hal_fdcan.o(i.HAL_FDCAN_TxFifoEmptyCallback)
    HAL_FLASHEx_Erase                        0x0800a749   Thumb Code   250  stm32g4xx_hal_flash_ex.o(i.HAL_FLASHEx_Erase)
    HAL_FLASH_Lock                           0x0800a84d   Thumb Code    22  stm32g4xx_hal_flash.o(i.HAL_FLASH_Lock)
    HAL_FLASH_Program                        0x0800a869   Thumb Code   120  stm32g4xx_hal_flash.o(i.HAL_FLASH_Program)
    HAL_FLASH_Unlock                         0x0800a8e9   Thumb Code    28  stm32g4xx_hal_flash.o(i.HAL_FLASH_Unlock)
    HAL_GPIO_DeInit                          0x0800a911   Thumb Code   252  stm32g4xx_hal_gpio.o(i.HAL_GPIO_DeInit)
    HAL_GPIO_Init                            0x0800aa29   Thumb Code   386  stm32g4xx_hal_gpio.o(i.HAL_GPIO_Init)
    HAL_GPIO_WritePin                        0x0800abcd   Thumb Code    12  stm32g4xx_hal_gpio.o(i.HAL_GPIO_WritePin)
    HAL_GetTick                              0x0800abd9   Thumb Code     6  stm32g4xx_hal.o(i.HAL_GetTick)
    HAL_IncTick                              0x0800abe5   Thumb Code    12  stm32g4xx_hal.o(i.HAL_IncTick)
    HAL_Init                                 0x0800abf5   Thumb Code    30  stm32g4xx_hal.o(i.HAL_Init)
    HAL_InitTick                             0x0800ac15   Thumb Code    68  stm32g4xx_hal.o(i.HAL_InitTick)
    HAL_MspInit                              0x0800ac61   Thumb Code    48  stm32g4xx_hal_msp.o(i.HAL_MspInit)
    HAL_NVIC_DisableIRQ                      0x0800ac99   Thumb Code    34  stm32g4xx_hal_cortex.o(i.HAL_NVIC_DisableIRQ)
    HAL_NVIC_EnableIRQ                       0x0800acbb   Thumb Code    26  stm32g4xx_hal_cortex.o(i.HAL_NVIC_EnableIRQ)
    HAL_NVIC_SetPriority                     0x0800acd5   Thumb Code    60  stm32g4xx_hal_cortex.o(i.HAL_NVIC_SetPriority)
    HAL_NVIC_SetPriorityGrouping             0x0800ad15   Thumb Code    26  stm32g4xx_hal_cortex.o(i.HAL_NVIC_SetPriorityGrouping)
    HAL_PCDEx_ActivateLPM                    0x0800ad39   Thumb Code    36  stm32g4xx_hal_pcd_ex.o(i.HAL_PCDEx_ActivateLPM)
    HAL_PCDEx_LPM_Callback                   0x0800ad5d   Thumb Code    66  usbd_conf.o(i.HAL_PCDEx_LPM_Callback)
    HAL_PCDEx_PMAConfig                      0x0800ada5   Thumb Code    52  stm32g4xx_hal_pcd_ex.o(i.HAL_PCDEx_PMAConfig)
    HAL_PCD_DataInStageCallback              0x0800add9   Thumb Code    14  usbd_conf.o(i.HAL_PCD_DataInStageCallback)
    HAL_PCD_DataOutStageCallback             0x0800ade7   Thumb Code    16  usbd_conf.o(i.HAL_PCD_DataOutStageCallback)
    HAL_PCD_EP_Close                         0x0800adf7   Thumb Code    68  stm32g4xx_hal_pcd.o(i.HAL_PCD_EP_Close)
    HAL_PCD_EP_ClrStall                      0x0800ae3b   Thumb Code    84  stm32g4xx_hal_pcd.o(i.HAL_PCD_EP_ClrStall)
    HAL_PCD_EP_GetRxCount                    0x0800ae8f   Thumb Code    14  stm32g4xx_hal_pcd.o(i.HAL_PCD_EP_GetRxCount)
    HAL_PCD_EP_Open                          0x0800ae9d   Thumb Code    88  stm32g4xx_hal_pcd.o(i.HAL_PCD_EP_Open)
    HAL_PCD_EP_Receive                       0x0800aef5   Thumb Code    50  stm32g4xx_hal_pcd.o(i.HAL_PCD_EP_Receive)
    HAL_PCD_EP_SetStall                      0x0800af27   Thumb Code   102  stm32g4xx_hal_pcd.o(i.HAL_PCD_EP_SetStall)
    HAL_PCD_EP_Transmit                      0x0800af8d   Thumb Code    50  stm32g4xx_hal_pcd.o(i.HAL_PCD_EP_Transmit)
    HAL_PCD_IRQHandler                       0x0800afbf   Thumb Code   380  stm32g4xx_hal_pcd.o(i.HAL_PCD_IRQHandler)
    HAL_PCD_Init                             0x0800b13b   Thumb Code   162  stm32g4xx_hal_pcd.o(i.HAL_PCD_Init)
    HAL_PCD_MspInit                          0x0800b1dd   Thumb Code   102  usbd_conf.o(i.HAL_PCD_MspInit)
    HAL_PCD_ResetCallback                    0x0800b24d   Thumb Code    38  usbd_conf.o(i.HAL_PCD_ResetCallback)
    HAL_PCD_ResumeCallback                   0x0800b275   Thumb Code    36  usbd_conf.o(i.HAL_PCD_ResumeCallback)
    HAL_PCD_SOFCallback                      0x0800b29d   Thumb Code     8  usbd_conf.o(i.HAL_PCD_SOFCallback)
    HAL_PCD_SetAddress                       0x0800b2a5   Thumb Code    40  stm32g4xx_hal_pcd.o(i.HAL_PCD_SetAddress)
    HAL_PCD_SetupStageCallback               0x0800b2cd   Thumb Code    14  usbd_conf.o(i.HAL_PCD_SetupStageCallback)
    HAL_PCD_Start                            0x0800b2db   Thumb Code    42  stm32g4xx_hal_pcd.o(i.HAL_PCD_Start)
    HAL_PCD_SuspendCallback                  0x0800b305   Thumb Code    30  usbd_conf.o(i.HAL_PCD_SuspendCallback)
    HAL_PWREx_ControlVoltageScaling          0x0800b329   Thumb Code   190  stm32g4xx_hal_pwr_ex.o(i.HAL_PWREx_ControlVoltageScaling)
    HAL_RCCEx_PeriphCLKConfig                0x0800b3f5   Thumb Code   776  stm32g4xx_hal_rcc_ex.o(i.HAL_RCCEx_PeriphCLKConfig)
    HAL_RCC_ClockConfig                      0x0800b705   Thumb Code   432  stm32g4xx_hal_rcc.o(i.HAL_RCC_ClockConfig)
    HAL_RCC_GetHCLKFreq                      0x0800b8cd   Thumb Code     6  stm32g4xx_hal_rcc.o(i.HAL_RCC_GetHCLKFreq)
    HAL_RCC_GetPCLK1Freq                     0x0800b8d9   Thumb Code    26  stm32g4xx_hal_rcc.o(i.HAL_RCC_GetPCLK1Freq)
    HAL_RCC_GetPCLK2Freq                     0x0800b8fd   Thumb Code    26  stm32g4xx_hal_rcc.o(i.HAL_RCC_GetPCLK2Freq)
    HAL_RCC_GetSysClockFreq                  0x0800b921   Thumb Code   106  stm32g4xx_hal_rcc.o(i.HAL_RCC_GetSysClockFreq)
    HAL_RCC_OscConfig                        0x0800b995   Thumb Code  1112  stm32g4xx_hal_rcc.o(i.HAL_RCC_OscConfig)
    HAL_SYSTICK_Config                       0x0800bded   Thumb Code    40  stm32g4xx_hal_cortex.o(i.HAL_SYSTICK_Config)
    HardFault_Handler                        0x0800be15   Thumb Code    30  stm32g4xx_it.o(i.HardFault_Handler)
    MX_CAN2_Init                             0x0800be75   Thumb Code   170  driver_ucan.o(i.MX_CAN2_Init)
    MX_CAN3_Init                             0x0800bf45   Thumb Code   152  driver_ucan.o(i.MX_CAN3_Init)
    MX_USB_Device_Init                       0x0800c059   Thumb Code    66  usb_device.o(i.MX_USB_Device_Init)
    MemManage_Handler                        0x0800c0ad   Thumb Code     2  stm32g4xx_it.o(i.MemManage_Handler)
    MyPrintf                                 0x0800c0af   Thumb Code    40  tool.o(i.MyPrintf)
    NMI_Handler                              0x0800c0d7   Thumb Code     2  stm32g4xx_it.o(i.NMI_Handler)
    PendSV_Handler                           0x0800c38d   Thumb Code     2  stm32g4xx_it.o(i.PendSV_Handler)
    Print_Test                               0x0800c391   Thumb Code   216  driver_ucan.o(i.Print_Test)
    Pro_Parse                                0x0800c501   Thumb Code   984  usb_data.o(i.Pro_Parse)
    Read_Update_Para                         0x0800cb2d   Thumb Code   108  inter_flash.o(i.Read_Update_Para)
    SVC_Handler                              0x0800cbbd   Thumb Code     2  stm32g4xx_it.o(i.SVC_Handler)
    SysTick_Handler                          0x0800cbbf   Thumb Code     4  stm32g4xx_it.o(i.SysTick_Handler)
    SystemClock_Config                       0x0800cbc9   Thumb Code   166  main.o(i.SystemClock_Config)
    SystemInit                               0x0800cc75   Thumb Code    20  system_stm32g4xx.o(i.SystemInit)
    USBD_CDC_ConfigStrDescriptor             0x0800cc91   Thumb Code    32  usbd_desc.o(i.USBD_CDC_ConfigStrDescriptor)
    USBD_CDC_DeviceDescriptor                0x0800cd59   Thumb Code     8  usbd_desc.o(i.USBD_CDC_DeviceDescriptor)
    USBD_CDC_GetDeviceQualifierDescriptor    0x0800cd91   Thumb Code     8  usbd_cdc.o(i.USBD_CDC_GetDeviceQualifierDescriptor)
    USBD_CDC_InterfaceStrDescriptor          0x0800ce35   Thumb Code    32  usbd_desc.o(i.USBD_CDC_InterfaceStrDescriptor)
    USBD_CDC_LangIDStrDescriptor             0x0800ce69   Thumb Code     8  usbd_desc.o(i.USBD_CDC_LangIDStrDescriptor)
    USBD_CDC_ManufacturerStrDescriptor       0x0800ce75   Thumb Code    16  usbd_desc.o(i.USBD_CDC_ManufacturerStrDescriptor)
    USBD_CDC_ProductStrDescriptor            0x0800ce9d   Thumb Code    32  usbd_desc.o(i.USBD_CDC_ProductStrDescriptor)
    USBD_CDC_ReceivePacket                   0x0800ced9   Thumb Code    50  usbd_cdc.o(i.USBD_CDC_ReceivePacket)
    USBD_CDC_RegisterInterface               0x0800cf0b   Thumb Code    16  usbd_cdc.o(i.USBD_CDC_RegisterInterface)
    USBD_CDC_SerialStrDescriptor             0x0800cf1d   Thumb Code    14  usbd_desc.o(i.USBD_CDC_SerialStrDescriptor)
    USBD_CDC_SetRxBuffer                     0x0800cf31   Thumb Code    12  usbd_cdc.o(i.USBD_CDC_SetRxBuffer)
    USBD_CDC_SetTxBuffer                     0x0800cf3d   Thumb Code    16  usbd_cdc.o(i.USBD_CDC_SetTxBuffer)
    USBD_CDC_TransmitPacket                  0x0800d031   Thumb Code    52  usbd_cdc.o(i.USBD_CDC_TransmitPacket)
    USBD_ClrClassConfig                      0x0800d065   Thumb Code    14  usbd_core.o(i.USBD_ClrClassConfig)
    USBD_CtlContinueRx                       0x0800d099   Thumb Code    16  usbd_ioreq.o(i.USBD_CtlContinueRx)
    USBD_CtlContinueSendData                 0x0800d0a9   Thumb Code    16  usbd_ioreq.o(i.USBD_CtlContinueSendData)
    USBD_CtlError                            0x0800d0b9   Thumb Code    24  usbd_ctlreq.o(i.USBD_CtlError)
    USBD_CtlPrepareRx                        0x0800d0d1   Thumb Code    30  usbd_ioreq.o(i.USBD_CtlPrepareRx)
    USBD_CtlReceiveStatus                    0x0800d0ef   Thumb Code    22  usbd_ioreq.o(i.USBD_CtlReceiveStatus)
    USBD_CtlSendData                         0x0800d105   Thumb Code    26  usbd_ioreq.o(i.USBD_CtlSendData)
    USBD_CtlSendStatus                       0x0800d11f   Thumb Code    22  usbd_ioreq.o(i.USBD_CtlSendStatus)
    USBD_GetString                           0x0800d395   Thumb Code    62  usbd_ctlreq.o(i.USBD_GetString)
    USBD_Init                                0x0800d3f7   Thumb Code    44  usbd_core.o(i.USBD_Init)
    USBD_LL_ClearStallEP                     0x0800d423   Thumb Code    18  usbd_conf.o(i.USBD_LL_ClearStallEP)
    USBD_LL_CloseEP                          0x0800d435   Thumb Code    18  usbd_conf.o(i.USBD_LL_CloseEP)
    USBD_LL_DataInStage                      0x0800d447   Thumb Code   214  usbd_core.o(i.USBD_LL_DataInStage)
    USBD_LL_DataOutStage                     0x0800d51d   Thumb Code   134  usbd_core.o(i.USBD_LL_DataOutStage)
    USBD_LL_GetRxDataSize                    0x0800d5a3   Thumb Code     8  usbd_conf.o(i.USBD_LL_GetRxDataSize)
    USBD_LL_Init                             0x0800d5ad   Thumb Code   120  usbd_conf.o(i.USBD_LL_Init)
    USBD_LL_IsStallEP                        0x0800d62d   Thumb Code    28  usbd_conf.o(i.USBD_LL_IsStallEP)
    USBD_LL_OpenEP                           0x0800d649   Thumb Code    24  usbd_conf.o(i.USBD_LL_OpenEP)
    USBD_LL_PrepareReceive                   0x0800d661   Thumb Code    18  usbd_conf.o(i.USBD_LL_PrepareReceive)
    USBD_LL_Reset                            0x0800d673   Thumb Code    82  usbd_core.o(i.USBD_LL_Reset)
    USBD_LL_Resume                           0x0800d6c5   Thumb Code    20  usbd_core.o(i.USBD_LL_Resume)
    USBD_LL_SOF                              0x0800d6d9   Thumb Code    24  usbd_core.o(i.USBD_LL_SOF)
    USBD_LL_SetSpeed                         0x0800d6f1   Thumb Code     6  usbd_core.o(i.USBD_LL_SetSpeed)
    USBD_LL_SetUSBAddress                    0x0800d6f7   Thumb Code    18  usbd_conf.o(i.USBD_LL_SetUSBAddress)
    USBD_LL_SetupStage                       0x0800d709   Thumb Code    90  usbd_core.o(i.USBD_LL_SetupStage)
    USBD_LL_StallEP                          0x0800d763   Thumb Code    18  usbd_conf.o(i.USBD_LL_StallEP)
    USBD_LL_Start                            0x0800d775   Thumb Code    18  usbd_conf.o(i.USBD_LL_Start)
    USBD_LL_Suspend                          0x0800d787   Thumb Code    16  usbd_core.o(i.USBD_LL_Suspend)
    USBD_LL_Transmit                         0x0800d797   Thumb Code    18  usbd_conf.o(i.USBD_LL_Transmit)
    USBD_ParseSetupRequest                   0x0800d7a9   Thumb Code    40  usbd_ctlreq.o(i.USBD_ParseSetupRequest)
    USBD_RegisterClass                       0x0800d7d1   Thumb Code    18  usbd_core.o(i.USBD_RegisterClass)
    USBD_RunTestMode                         0x0800d7e3   Thumb Code     4  usbd_core.o(i.USBD_RunTestMode)
    USBD_SetClassConfig                      0x0800d83f   Thumb Code    24  usbd_core.o(i.USBD_SetClassConfig)
    USBD_Start                               0x0800d935   Thumb Code    10  usbd_core.o(i.USBD_Start)
    USBD_StdDevReq                           0x0800d93f   Thumb Code   106  usbd_ctlreq.o(i.USBD_StdDevReq)
    USBD_StdEPReq                            0x0800d9a9   Thumb Code   484  usbd_ctlreq.o(i.USBD_StdEPReq)
    USBD_StdItfReq                           0x0800db8d   Thumb Code   106  usbd_ctlreq.o(i.USBD_StdItfReq)
    USBD_static_free                         0x0800dbf7   Thumb Code     2  usbd_conf.o(i.USBD_static_free)
    USBD_static_malloc                       0x0800dbf9   Thumb Code     4  usbd_conf.o(i.USBD_static_malloc)
    USB_ActivateEndpoint                     0x0800dc01   Thumb Code   702  stm32g4xx_ll_usb.o(i.USB_ActivateEndpoint)
    USB_Data_Out                             0x0800dec1   Thumb Code   222  usb_data.o(i.USB_Data_Out)
    USB_DeactivateEndpoint                   0x0800dfc1   Thumb Code   312  stm32g4xx_ll_usb.o(i.USB_DeactivateEndpoint)
    USB_DevConnect                           0x0800e0f9   Thumb Code    14  stm32g4xx_ll_usb.o(i.USB_DevConnect)
    USB_DevInit                              0x0800e107   Thumb Code    26  stm32g4xx_ll_usb.o(i.USB_DevInit)
    USB_DisableGlobalInt                     0x0800e121   Thumb Code    16  stm32g4xx_ll_usb.o(i.USB_DisableGlobalInt)
    USB_EP0_OutStart                         0x0800e131   Thumb Code     4  stm32g4xx_ll_usb.o(i.USB_EP0_OutStart)
    USB_EPClearStall                         0x0800e135   Thumb Code   132  stm32g4xx_ll_usb.o(i.USB_EPClearStall)
    USB_EPSetStall                           0x0800e1b9   Thumb Code    60  stm32g4xx_ll_usb.o(i.USB_EPSetStall)
    USB_EPStartXfer                          0x0800e1f5   Thumb Code   514  stm32g4xx_ll_usb.o(i.USB_EPStartXfer)
    USB_EnableGlobalInt                      0x0800e3f7   Thumb Code    16  stm32g4xx_ll_usb.o(i.USB_EnableGlobalInt)
    USB_LP_IRQHandler                        0x0800e409   Thumb Code     6  stm32g4xx_it.o(i.USB_LP_IRQHandler)
    USB_ReadInterrupts                       0x0800e415   Thumb Code     6  stm32g4xx_ll_usb.o(i.USB_ReadInterrupts)
    USB_ReadPMA                              0x0800e41b   Thumb Code    42  stm32g4xx_ll_usb.o(i.USB_ReadPMA)
    USB_SetDevAddress                        0x0800e445   Thumb Code    14  stm32g4xx_ll_usb.o(i.USB_SetDevAddress)
    USB_WritePMA                             0x0800e453   Thumb Code    38  stm32g4xx_ll_usb.o(i.USB_WritePMA)
    USER_CAN2_Send                           0x0800e479   Thumb Code    38  driver_ucan.o(i.USER_CAN2_Send)
    USER_CAN3_Send                           0x0800e4b1   Thumb Code    28  driver_ucan.o(i.USER_CAN3_Send)
    UsageFault_Handler                       0x0800e4d1   Thumb Code     2  stm32g4xx_it.o(i.UsageFault_Handler)
    Usb_Buf_In                               0x0800e4d5   Thumb Code    46  usb_data.o(i.Usb_Buf_In)
    Usb_Data_Init                            0x0800e509   Thumb Code    42  usb_data.o(i.Usb_Data_Init)
    Usb_Pro_Pack                             0x0800e53d   Thumb Code    70  usb_data.o(i.Usb_Pro_Pack)
    Usb_Pro_PackT                            0x0800e589   Thumb Code    82  usb_data.o(i.Usb_Pro_PackT)
    Usb_Send_Data                            0x0800e5e1   Thumb Code   200  usb_data.o(i.Usb_Send_Data)
    __0vsprintf                              0x0800e6ad   Thumb Code    30  printfa.o(i.__0vsprintf)
    __1vsprintf                              0x0800e6ad   Thumb Code     0  printfa.o(i.__0vsprintf)
    __2vsprintf                              0x0800e6ad   Thumb Code     0  printfa.o(i.__0vsprintf)
    __c89vsprintf                            0x0800e6ad   Thumb Code     0  printfa.o(i.__0vsprintf)
    vsprintf                                 0x0800e6ad   Thumb Code     0  printfa.o(i.__0vsprintf)
    __scatterload_copy                       0x0800e6f1   Thumb Code    14  handlers.o(i.__scatterload_copy)
    __scatterload_null                       0x0800e6ff   Thumb Code     2  handlers.o(i.__scatterload_null)
    __scatterload_zeroinit                   0x0800e701   Thumb Code    14  handlers.o(i.__scatterload_zeroinit)
    cpuflash_WriteData                       0x0800efa5   Thumb Code    82  inter_flash.o(i.cpuflash_WriteData)
    cpuflash_erase                           0x0800f031   Thumb Code   100  inter_flash.o(i.cpuflash_erase)
    cpuflash_write                           0x0800f0e5   Thumb Code   186  inter_flash.o(i.cpuflash_write)
    main                                     0x0800f1c1   Thumb Code    64  main.o(i.main)
    AHBPrescTable                            0x0800f214   Data          16  system_stm32g4xx.o(.constdata)
    APBPrescTable                            0x0800f224   Data           8  system_stm32g4xx.o(.constdata)
    Region$$Table$$Base                      0x0800f22c   Number         0  anon$$obj.o(Region$$Table)
    Region$$Table$$Limit                     0x0800f24c   Number         0  anon$$obj.o(Region$$Table)
    CDC_Desc                                 0x20000004   Data          32  usbd_desc.o(.data)
    USBD_LangIDDesc                          0x20000024   Data           4  usbd_desc.o(.data)
    USBD_CDC_DeviceDesc                      0x20000028   Data          18  usbd_desc.o(.data)
    USBD_StringSerial                        0x2000003c   Data          26  usbd_desc.o(.data)
    USBD_Interface_fops_FS                   0x20000058   Data          16  usbd_cdc_if.o(.data)
    PrintFlag                                0x2000006c   Data           1  driver_ucan.o(.data)
    glbaoTD                                  0x2000006d   Data           1  driver_ucan.o(.data)
    TxData                                   0x20000074   Data          64  driver_ucan.o(.data)
    uwTickPrio                               0x200000b4   Data           4  stm32g4xx_hal.o(.data)
    uwTickFreq                               0x200000b8   Data           4  stm32g4xx_hal.o(.data)
    uwTick                                   0x200000bc   Data           4  stm32g4xx_hal.o(.data)
    pFlash                                   0x200000c0   Data          32  stm32g4xx_hal_flash.o(.data)
    SystemCoreClock                          0x200000e0   Data           4  system_stm32g4xx.o(.data)
    USBD_CDC_CfgHSDesc                       0x200000f4   Data          67  usbd_cdc.o(.data)
    USBD_CDC_CfgFSDesc                       0x20000138   Data          67  usbd_cdc.o(.data)
    USBD_CDC_OtherSpeedCfgDesc               0x2000017c   Data          67  usbd_cdc.o(.data)
    USBD_CDC                                 0x200001c0   Data          56  usbd_cdc.o(.data)
    UpdatePara                               0x200001f8   Data         271  inter_flash.o(.bss)
    UsbData                                  0x20000307   Data         604  usb_data.o(.bss)
    ProDeal                                  0x20000563   Data         606  usb_data.o(.bss)
    TTDataBuf                                0x200007c1   Data         512  usb_data.o(.bss)
    hUsbDeviceFS                             0x200009c4   Data         708  usb_device.o(.bss)
    hpcd_USB_FS                              0x20000ea8   Data         628  usbd_conf.o(.bss)
    USBD_StrDesc                             0x2000111c   Data         512  usbd_desc.o(.bss)
    UserRxBufferFS                           0x2000131c   Data        1000  usbd_cdc_if.o(.bss)
    UserTxBufferFS                           0x20001704   Data        1000  usbd_cdc_if.o(.bss)
    Can2Para                                 0x20001aec   Data          16  driver_ucan.o(.bss)
    Can3Para                                 0x20001afc   Data          16  driver_ucan.o(.bss)
    hfdcan2                                  0x20001b0c   Data         100  driver_ucan.o(.bss)
    hfdcan3                                  0x20001b70   Data         100  driver_ucan.o(.bss)
    sFilterConfig                            0x20001bd4   Data          24  driver_ucan.o(.bss)
    TxHeader2                                0x20001bec   Data          36  driver_ucan.o(.bss)
    TxHeader3                                0x20001c10   Data          36  driver_ucan.o(.bss)
    RxHeader                                 0x20001c34   Data          40  driver_ucan.o(.bss)
    RxData                                   0x20001c5c   Data          64  driver_ucan.o(.bss)
    RCanDataBuf                              0x20001c9c   Data         256  driver_ucan.o(.bss)
    __initial_sp                             0x20002fa0   Data           0  startup_stm32g473xx.o(STACK)



==============================================================================

Memory Map of the image

  Image Entry point : 0x080091d9

  Load Region LR_IROM1 (Base: 0x08009000, Size: 0x00006444, Max: 0x00020000, ABSOLUTE, COMPRESSED[0x00006318])

    Execution Region ER_IROM1 (Exec base: 0x08009000, Load base: 0x08009000, Size: 0x0000624c, Max: 0x00020000, ABSOLUTE)

    Exec Addr    Load Addr    Size         Type   Attr      Idx    E Section Name        Object

    0x08009000   0x08009000   0x000001d8   Data   RO            3    RESET               startup_stm32g473xx.o
    0x080091d8   0x080091d8   0x00000000   Code   RO         4295  * .ARM.Collect$$$$00000000  mc_w.l(entry.o)
    0x080091d8   0x080091d8   0x00000004   Code   RO         4332    .ARM.Collect$$$$00000001  mc_w.l(entry2.o)
    0x080091dc   0x080091dc   0x00000004   Code   RO         4335    .ARM.Collect$$$$00000004  mc_w.l(entry5.o)
    0x080091e0   0x080091e0   0x00000000   Code   RO         4337    .ARM.Collect$$$$00000008  mc_w.l(entry7b.o)
    0x080091e0   0x080091e0   0x00000000   Code   RO         4339    .ARM.Collect$$$$0000000A  mc_w.l(entry8b.o)
    0x080091e0   0x080091e0   0x00000008   Code   RO         4340    .ARM.Collect$$$$0000000B  mc_w.l(entry9a.o)
    0x080091e8   0x080091e8   0x00000004   Code   RO         4347    .ARM.Collect$$$$0000000E  mc_w.l(entry12b.o)
    0x080091ec   0x080091ec   0x00000000   Code   RO         4342    .ARM.Collect$$$$0000000F  mc_w.l(entry10a.o)
    0x080091ec   0x080091ec   0x00000000   Code   RO         4344    .ARM.Collect$$$$00000011  mc_w.l(entry11a.o)
    0x080091ec   0x080091ec   0x00000004   Code   RO         4333    .ARM.Collect$$$$00002712  mc_w.l(entry2.o)
    0x080091f0   0x080091f0   0x00000024   Code   RO            4    .text               startup_stm32g473xx.o
    0x08009214   0x08009214   0x00000024   Code   RO         4298    .text               mc_w.l(memcpya.o)
    0x08009238   0x08009238   0x00000024   Code   RO         4300    .text               mc_w.l(memseta.o)
    0x0800925c   0x0800925c   0x0000002c   Code   RO         4351    .text               mc_w.l(uidiv.o)
    0x08009288   0x08009288   0x00000062   Code   RO         4353    .text               mc_w.l(uldiv.o)
    0x080092ea   0x080092ea   0x00000000   Code   RO         4355    .text               mc_w.l(iusefp.o)
    0x080092ea   0x080092ea   0x0000014e   Code   RO         4356    .text               mf_w.l(dadd.o)
    0x08009438   0x08009438   0x000000e4   Code   RO         4358    .text               mf_w.l(dmul.o)
    0x0800951c   0x0800951c   0x000000de   Code   RO         4360    .text               mf_w.l(ddiv.o)
    0x080095fa   0x080095fa   0x00000030   Code   RO         4362    .text               mf_w.l(dfixul.o)
    0x0800962a   0x0800962a   0x00000002   PAD
    0x0800962c   0x0800962c   0x00000030   Code   RO         4364    .text               mf_w.l(cdrcmple.o)
    0x0800965c   0x0800965c   0x00000024   Code   RO         4366    .text               mc_w.l(init.o)
    0x08009680   0x08009680   0x0000001e   Code   RO         4369    .text               mc_w.l(llshl.o)
    0x0800969e   0x0800969e   0x00000020   Code   RO         4371    .text               mc_w.l(llushr.o)
    0x080096be   0x080096be   0x00000024   Code   RO         4373    .text               mc_w.l(llsshr.o)
    0x080096e2   0x080096e2   0x000000ba   Code   RO         4376    .text               mf_w.l(depilogue.o)
    0x0800979c   0x0800979c   0x00000056   Code   RO         4386    .text               mc_w.l(__dczerorl2.o)
    0x080097f2   0x080097f2   0x00000002   Code   RO          810    i.BusFault_Handler  stm32g4xx_it.o
    0x080097f4   0x080097f4   0x0000011c   Code   RO          957    i.CAN2_Data_Pack    driver_ucan.o
    0x08009910   0x08009910   0x000000b8   Code   RO          958    i.CAN3_Data_Pack    driver_ucan.o
    0x080099c8   0x080099c8   0x00000008   Code   RO          758    i.CDC_Control_FS    usbd_cdc_if.o
    0x080099d0   0x080099d0   0x00000004   Code   RO          759    i.CDC_DeInit_FS     usbd_cdc_if.o
    0x080099d4   0x080099d4   0x00000024   Code   RO          760    i.CDC_Init_FS       usbd_cdc_if.o
    0x080099f8   0x080099f8   0x00000018   Code   RO          761    i.CDC_Receive_FS    usbd_cdc_if.o
    0x08009a10   0x08009a10   0x0000002c   Code   RO          762    i.CDC_Transmit_FS   usbd_cdc_if.o
    0x08009a3c   0x08009a3c   0x00000028   Code   RO          206    i.CheckSysTick      tool.o
    0x08009a64   0x08009a64   0x00000002   Code   RO          811    i.DebugMon_Handler  stm32g4xx_it.o
    0x08009a66   0x08009a66   0x00000002   PAD
    0x08009a68   0x08009a68   0x000000b0   Code   RO          959    i.Driver_CANPara_Init  driver_ucan.o
    0x08009b18   0x08009b18   0x00000002   Code   RO          255    i.Error_Handler     main.o
    0x08009b1a   0x08009b1a   0x00000002   PAD
    0x08009b1c   0x08009b1c   0x0000000c   Code   RO          812    i.FDCAN2_IT0_IRQHandler  stm32g4xx_it.o
    0x08009b28   0x08009b28   0x0000000c   Code   RO          813    i.FDCAN3_IT0_IRQHandler  stm32g4xx_it.o
    0x08009b34   0x08009b34   0x00000074   Code   RO         1587    i.FDCAN_CalcultateRamBlockAddresses  stm32g4xx_hal_fdcan.o
    0x08009ba8   0x08009ba8   0x00000074   Code   RO         1588    i.FDCAN_CopyMessageToRAM  stm32g4xx_hal_fdcan.o
    0x08009c1c   0x08009c1c   0x00000054   Code   RO         2972    i.FLASH_FlushCaches  stm32g4xx_hal_flash_ex.o
    0x08009c70   0x08009c70   0x0000003c   Code   RO         2973    i.FLASH_MassErase   stm32g4xx_hal_flash_ex.o
    0x08009cac   0x08009cac   0x0000004c   Code   RO         2986    i.FLASH_PageErase   stm32g4xx_hal_flash_ex.o
    0x08009cf8   0x08009cf8   0x0000001c   Code   RO         2863    i.FLASH_Program_DoubleWord  stm32g4xx_hal_flash.o
    0x08009d14   0x08009d14   0x0000002c   Code   RO         2864    i.FLASH_Program_Fast  stm32g4xx_hal_flash.o
    0x08009d40   0x08009d40   0x00000068   Code   RO         2865    i.FLASH_WaitForLastOperation  stm32g4xx_hal_flash.o
    0x08009da8   0x08009da8   0x0000003c   Code   RO           13    i.GetBank           inter_flash.o
    0x08009de4   0x08009de4   0x00000030   Code   RO           14    i.GetPage           inter_flash.o
    0x08009e14   0x08009e14   0x0000000c   Code   RO          207    i.GetSysTick        tool.o
    0x08009e20   0x08009e20   0x00000038   Code   RO          670    i.Get_SerialNum     usbd_desc.o
    0x08009e58   0x08009e58   0x00000024   Code   RO         2391    i.HAL_Delay         stm32g4xx_hal.o
    0x08009e7c   0x08009e7c   0x000000e0   Code   RO         1590    i.HAL_FDCAN_ActivateNotification  stm32g4xx_hal_fdcan.o
    0x08009f5c   0x08009f5c   0x0000004e   Code   RO         1591    i.HAL_FDCAN_AddMessageToTxFifoQ  stm32g4xx_hal_fdcan.o
    0x08009faa   0x08009faa   0x0000005e   Code   RO         1593    i.HAL_FDCAN_ConfigFilter  stm32g4xx_hal_fdcan.o
    0x0800a008   0x0800a008   0x00000036   Code   RO         1594    i.HAL_FDCAN_ConfigGlobalFilter  stm32g4xx_hal_fdcan.o
    0x0800a03e   0x0800a03e   0x0000002c   Code   RO         1601    i.HAL_FDCAN_DeInit  stm32g4xx_hal_fdcan.o
    0x0800a06a   0x0800a06a   0x00000022   Code   RO         1612    i.HAL_FDCAN_EnableTxDelayCompensation  stm32g4xx_hal_fdcan.o
    0x0800a08c   0x0800a08c   0x00000002   Code   RO         1614    i.HAL_FDCAN_ErrorCallback  stm32g4xx_hal_fdcan.o
    0x0800a08e   0x0800a08e   0x00000002   Code   RO         1615    i.HAL_FDCAN_ErrorStatusCallback  stm32g4xx_hal_fdcan.o
    0x0800a090   0x0800a090   0x00000104   Code   RO         1624    i.HAL_FDCAN_GetRxMessage  stm32g4xx_hal_fdcan.o
    0x0800a194   0x0800a194   0x00000002   Code   RO         1630    i.HAL_FDCAN_HighPriorityMessageCallback  stm32g4xx_hal_fdcan.o
    0x0800a196   0x0800a196   0x00000168   Code   RO         1631    i.HAL_FDCAN_IRQHandler  stm32g4xx_hal_fdcan.o
    0x0800a2fe   0x0800a2fe   0x00000002   PAD
    0x0800a300   0x0800a300   0x000001dc   Code   RO         1632    i.HAL_FDCAN_Init    stm32g4xx_hal_fdcan.o
    0x0800a4dc   0x0800a4dc   0x00000068   Code   RO          904    i.HAL_FDCAN_MspDeInit  stm32g4xx_hal_msp.o
    0x0800a544   0x0800a544   0x000000e0   Code   RO          905    i.HAL_FDCAN_MspInit  stm32g4xx_hal_msp.o
    0x0800a624   0x0800a624   0x00000064   Code   RO          960    i.HAL_FDCAN_RxFifo0Callback  driver_ucan.o
    0x0800a688   0x0800a688   0x00000002   Code   RO         1640    i.HAL_FDCAN_RxFifo1Callback  stm32g4xx_hal_fdcan.o
    0x0800a68a   0x0800a68a   0x0000002c   Code   RO         1641    i.HAL_FDCAN_Start   stm32g4xx_hal_fdcan.o
    0x0800a6b6   0x0800a6b6   0x00000084   Code   RO         1642    i.HAL_FDCAN_Stop    stm32g4xx_hal_fdcan.o
    0x0800a73a   0x0800a73a   0x00000002   Code   RO         1643    i.HAL_FDCAN_TimeoutOccurredCallback  stm32g4xx_hal_fdcan.o
    0x0800a73c   0x0800a73c   0x00000002   Code   RO         1644    i.HAL_FDCAN_TimestampWraparoundCallback  stm32g4xx_hal_fdcan.o
    0x0800a73e   0x0800a73e   0x00000002   Code   RO         1645    i.HAL_FDCAN_TxBufferAbortCallback  stm32g4xx_hal_fdcan.o
    0x0800a740   0x0800a740   0x00000002   Code   RO         1646    i.HAL_FDCAN_TxBufferCompleteCallback  stm32g4xx_hal_fdcan.o
    0x0800a742   0x0800a742   0x00000002   Code   RO         1647    i.HAL_FDCAN_TxEventFifoCallback  stm32g4xx_hal_fdcan.o
    0x0800a744   0x0800a744   0x00000002   Code   RO         1648    i.HAL_FDCAN_TxFifoEmptyCallback  stm32g4xx_hal_fdcan.o
    0x0800a746   0x0800a746   0x00000002   PAD
    0x0800a748   0x0800a748   0x00000104   Code   RO         2990    i.HAL_FLASHEx_Erase  stm32g4xx_hal_flash_ex.o
    0x0800a84c   0x0800a84c   0x0000001c   Code   RO         2869    i.HAL_FLASH_Lock    stm32g4xx_hal_flash.o
    0x0800a868   0x0800a868   0x00000080   Code   RO         2874    i.HAL_FLASH_Program  stm32g4xx_hal_flash.o
    0x0800a8e8   0x0800a8e8   0x00000028   Code   RO         2876    i.HAL_FLASH_Unlock  stm32g4xx_hal_flash.o
    0x0800a910   0x0800a910   0x00000118   Code   RO         1042    i.HAL_GPIO_DeInit   stm32g4xx_hal_gpio.o
    0x0800aa28   0x0800aa28   0x000001a4   Code   RO         1045    i.HAL_GPIO_Init     stm32g4xx_hal_gpio.o
    0x0800abcc   0x0800abcc   0x0000000c   Code   RO         1049    i.HAL_GPIO_WritePin  stm32g4xx_hal_gpio.o
    0x0800abd8   0x0800abd8   0x0000000c   Code   RO         2395    i.HAL_GetTick       stm32g4xx_hal.o
    0x0800abe4   0x0800abe4   0x00000010   Code   RO         2398    i.HAL_IncTick       stm32g4xx_hal.o
    0x0800abf4   0x0800abf4   0x0000001e   Code   RO         2399    i.HAL_Init          stm32g4xx_hal.o
    0x0800ac12   0x0800ac12   0x00000002   PAD
    0x0800ac14   0x0800ac14   0x0000004c   Code   RO         2400    i.HAL_InitTick      stm32g4xx_hal.o
    0x0800ac60   0x0800ac60   0x00000038   Code   RO          906    i.HAL_MspInit       stm32g4xx_hal_msp.o
    0x0800ac98   0x0800ac98   0x00000022   Code   RO         3728    i.HAL_NVIC_DisableIRQ  stm32g4xx_hal_cortex.o
    0x0800acba   0x0800acba   0x0000001a   Code   RO         3729    i.HAL_NVIC_EnableIRQ  stm32g4xx_hal_cortex.o
    0x0800acd4   0x0800acd4   0x00000040   Code   RO         3735    i.HAL_NVIC_SetPriority  stm32g4xx_hal_cortex.o
    0x0800ad14   0x0800ad14   0x00000024   Code   RO         3736    i.HAL_NVIC_SetPriorityGrouping  stm32g4xx_hal_cortex.o
    0x0800ad38   0x0800ad38   0x00000024   Code   RO         1324    i.HAL_PCDEx_ActivateLPM  stm32g4xx_hal_pcd_ex.o
    0x0800ad5c   0x0800ad5c   0x00000048   Code   RO          453    i.HAL_PCDEx_LPM_Callback  usbd_conf.o
    0x0800ada4   0x0800ada4   0x00000034   Code   RO         1330    i.HAL_PCDEx_PMAConfig  stm32g4xx_hal_pcd_ex.o
    0x0800add8   0x0800add8   0x0000000e   Code   RO          455    i.HAL_PCD_DataInStageCallback  usbd_conf.o
    0x0800ade6   0x0800ade6   0x00000010   Code   RO          456    i.HAL_PCD_DataOutStageCallback  usbd_conf.o
    0x0800adf6   0x0800adf6   0x00000044   Code   RO         1117    i.HAL_PCD_EP_Close  stm32g4xx_hal_pcd.o
    0x0800ae3a   0x0800ae3a   0x00000054   Code   RO         1118    i.HAL_PCD_EP_ClrStall  stm32g4xx_hal_pcd.o
    0x0800ae8e   0x0800ae8e   0x0000000e   Code   RO         1120    i.HAL_PCD_EP_GetRxCount  stm32g4xx_hal_pcd.o
    0x0800ae9c   0x0800ae9c   0x00000058   Code   RO         1121    i.HAL_PCD_EP_Open   stm32g4xx_hal_pcd.o
    0x0800aef4   0x0800aef4   0x00000032   Code   RO         1122    i.HAL_PCD_EP_Receive  stm32g4xx_hal_pcd.o
    0x0800af26   0x0800af26   0x00000066   Code   RO         1123    i.HAL_PCD_EP_SetStall  stm32g4xx_hal_pcd.o
    0x0800af8c   0x0800af8c   0x00000032   Code   RO         1124    i.HAL_PCD_EP_Transmit  stm32g4xx_hal_pcd.o
    0x0800afbe   0x0800afbe   0x0000017c   Code   RO         1126    i.HAL_PCD_IRQHandler  stm32g4xx_hal_pcd.o
    0x0800b13a   0x0800b13a   0x000000a2   Code   RO         1129    i.HAL_PCD_Init      stm32g4xx_hal_pcd.o
    0x0800b1dc   0x0800b1dc   0x00000070   Code   RO          461    i.HAL_PCD_MspInit   usbd_conf.o
    0x0800b24c   0x0800b24c   0x00000026   Code   RO          462    i.HAL_PCD_ResetCallback  usbd_conf.o
    0x0800b272   0x0800b272   0x00000002   PAD
    0x0800b274   0x0800b274   0x00000028   Code   RO          463    i.HAL_PCD_ResumeCallback  usbd_conf.o
    0x0800b29c   0x0800b29c   0x00000008   Code   RO          464    i.HAL_PCD_SOFCallback  usbd_conf.o
    0x0800b2a4   0x0800b2a4   0x00000028   Code   RO         1135    i.HAL_PCD_SetAddress  stm32g4xx_hal_pcd.o
    0x0800b2cc   0x0800b2cc   0x0000000e   Code   RO          465    i.HAL_PCD_SetupStageCallback  usbd_conf.o
    0x0800b2da   0x0800b2da   0x0000002a   Code   RO         1137    i.HAL_PCD_Start     stm32g4xx_hal_pcd.o
    0x0800b304   0x0800b304   0x00000024   Code   RO          466    i.HAL_PCD_SuspendCallback  usbd_conf.o
    0x0800b328   0x0800b328   0x000000cc   Code   RO         3485    i.HAL_PWREx_ControlVoltageScaling  stm32g4xx_hal_pwr_ex.o
    0x0800b3f4   0x0800b3f4   0x00000310   Code   RO         2749    i.HAL_RCCEx_PeriphCLKConfig  stm32g4xx_hal_rcc_ex.o
    0x0800b704   0x0800b704   0x000001c8   Code   RO         2619    i.HAL_RCC_ClockConfig  stm32g4xx_hal_rcc.o
    0x0800b8cc   0x0800b8cc   0x0000000c   Code   RO         2625    i.HAL_RCC_GetHCLKFreq  stm32g4xx_hal_rcc.o
    0x0800b8d8   0x0800b8d8   0x00000024   Code   RO         2627    i.HAL_RCC_GetPCLK1Freq  stm32g4xx_hal_rcc.o
    0x0800b8fc   0x0800b8fc   0x00000024   Code   RO         2628    i.HAL_RCC_GetPCLK2Freq  stm32g4xx_hal_rcc.o
    0x0800b920   0x0800b920   0x00000074   Code   RO         2629    i.HAL_RCC_GetSysClockFreq  stm32g4xx_hal_rcc.o
    0x0800b994   0x0800b994   0x00000458   Code   RO         2632    i.HAL_RCC_OscConfig  stm32g4xx_hal_rcc.o
    0x0800bdec   0x0800bdec   0x00000028   Code   RO         3740    i.HAL_SYSTICK_Config  stm32g4xx_hal_cortex.o
    0x0800be14   0x0800be14   0x00000024   Code   RO          814    i.HardFault_Handler  stm32g4xx_it.o
    0x0800be38   0x0800be38   0x0000003a   Code   RO          671    i.IntToUnicode      usbd_desc.o
    0x0800be72   0x0800be72   0x00000002   PAD
    0x0800be74   0x0800be74   0x000000d0   Code   RO          961    i.MX_CAN2_Init      driver_ucan.o
    0x0800bf44   0x0800bf44   0x000000a0   Code   RO          962    i.MX_CAN3_Init      driver_ucan.o
    0x0800bfe4   0x0800bfe4   0x00000074   Code   RO          256    i.MX_GPIO_Init      main.o
    0x0800c058   0x0800c058   0x00000054   Code   RO          422    i.MX_USB_Device_Init  usb_device.o
    0x0800c0ac   0x0800c0ac   0x00000002   Code   RO          815    i.MemManage_Handler  stm32g4xx_it.o
    0x0800c0ae   0x0800c0ae   0x00000028   Code   RO          208    i.MyPrintf          tool.o
    0x0800c0d6   0x0800c0d6   0x00000002   Code   RO          816    i.NMI_Handler       stm32g4xx_it.o
    0x0800c0d8   0x0800c0d8   0x000002b4   Code   RO         1140    i.PCD_EP_ISR_Handler  stm32g4xx_hal_pcd.o
    0x0800c38c   0x0800c38c   0x00000002   Code   RO          817    i.PendSV_Handler    stm32g4xx_it.o
    0x0800c38e   0x0800c38e   0x00000002   PAD
    0x0800c390   0x0800c390   0x00000170   Code   RO          963    i.Print_Test        driver_ucan.o
    0x0800c500   0x0800c500   0x000005dc   Code   RO          354    i.Pro_Parse         usb_data.o
    0x0800cadc   0x0800cadc   0x00000050   Code   RO         2633    i.RCC_GetSysClockFreqFromPLLSource  stm32g4xx_hal_rcc.o
    0x0800cb2c   0x0800cb2c   0x00000090   Code   RO           15    i.Read_Update_Para  inter_flash.o
    0x0800cbbc   0x0800cbbc   0x00000002   Code   RO          818    i.SVC_Handler       stm32g4xx_it.o
    0x0800cbbe   0x0800cbbe   0x00000004   Code   RO          819    i.SysTick_Handler   stm32g4xx_it.o
    0x0800cbc2   0x0800cbc2   0x00000004   Code   RO          467    i.SystemClockConfig_Resume  usbd_conf.o
    0x0800cbc6   0x0800cbc6   0x00000002   PAD
    0x0800cbc8   0x0800cbc8   0x000000ac   Code   RO          257    i.SystemClock_Config  main.o
    0x0800cc74   0x0800cc74   0x0000001c   Code   RO         3860    i.SystemInit        system_stm32g4xx.o
    0x0800cc90   0x0800cc90   0x00000030   Code   RO          672    i.USBD_CDC_ConfigStrDescriptor  usbd_desc.o
    0x0800ccc0   0x0800ccc0   0x00000016   Code   RO         4190    i.USBD_CDC_DataIn   usbd_cdc.o
    0x0800ccd6   0x0800ccd6   0x0000003e   Code   RO         4191    i.USBD_CDC_DataOut  usbd_cdc.o
    0x0800cd14   0x0800cd14   0x00000044   Code   RO         4192    i.USBD_CDC_DeInit   usbd_cdc.o
    0x0800cd58   0x0800cd58   0x0000000c   Code   RO          673    i.USBD_CDC_DeviceDescriptor  usbd_desc.o
    0x0800cd64   0x0800cd64   0x0000002a   Code   RO         4193    i.USBD_CDC_EP0_RxReady  usbd_cdc.o
    0x0800cd8e   0x0800cd8e   0x00000002   PAD
    0x0800cd90   0x0800cd90   0x0000000c   Code   RO         4194    i.USBD_CDC_GetDeviceQualifierDescriptor  usbd_cdc.o
    0x0800cd9c   0x0800cd9c   0x0000000c   Code   RO         4195    i.USBD_CDC_GetFSCfgDesc  usbd_cdc.o
    0x0800cda8   0x0800cda8   0x0000000c   Code   RO         4196    i.USBD_CDC_GetHSCfgDesc  usbd_cdc.o
    0x0800cdb4   0x0800cdb4   0x0000000c   Code   RO         4197    i.USBD_CDC_GetOtherSpeedCfgDesc  usbd_cdc.o
    0x0800cdc0   0x0800cdc0   0x00000072   Code   RO         4198    i.USBD_CDC_Init     usbd_cdc.o
    0x0800ce32   0x0800ce32   0x00000002   PAD
    0x0800ce34   0x0800ce34   0x00000034   Code   RO          674    i.USBD_CDC_InterfaceStrDescriptor  usbd_desc.o
    0x0800ce68   0x0800ce68   0x0000000c   Code   RO          675    i.USBD_CDC_LangIDStrDescriptor  usbd_desc.o
    0x0800ce74   0x0800ce74   0x00000028   Code   RO          676    i.USBD_CDC_ManufacturerStrDescriptor  usbd_desc.o
    0x0800ce9c   0x0800ce9c   0x0000003c   Code   RO          677    i.USBD_CDC_ProductStrDescriptor  usbd_desc.o
    0x0800ced8   0x0800ced8   0x00000032   Code   RO         4199    i.USBD_CDC_ReceivePacket  usbd_cdc.o
    0x0800cf0a   0x0800cf0a   0x00000010   Code   RO         4200    i.USBD_CDC_RegisterInterface  usbd_cdc.o
    0x0800cf1a   0x0800cf1a   0x00000002   PAD
    0x0800cf1c   0x0800cf1c   0x00000014   Code   RO          678    i.USBD_CDC_SerialStrDescriptor  usbd_desc.o
    0x0800cf30   0x0800cf30   0x0000000c   Code   RO         4201    i.USBD_CDC_SetRxBuffer  usbd_cdc.o
    0x0800cf3c   0x0800cf3c   0x00000010   Code   RO         4202    i.USBD_CDC_SetTxBuffer  usbd_cdc.o
    0x0800cf4c   0x0800cf4c   0x000000e4   Code   RO         4203    i.USBD_CDC_Setup    usbd_cdc.o
    0x0800d030   0x0800d030   0x00000034   Code   RO         4204    i.USBD_CDC_TransmitPacket  usbd_cdc.o
    0x0800d064   0x0800d064   0x0000000e   Code   RO         3897    i.USBD_ClrClassConfig  usbd_core.o
    0x0800d072   0x0800d072   0x00000026   Code   RO         4035    i.USBD_ClrFeature   usbd_ctlreq.o
    0x0800d098   0x0800d098   0x00000010   Code   RO         4130    i.USBD_CtlContinueRx  usbd_ioreq.o
    0x0800d0a8   0x0800d0a8   0x00000010   Code   RO         4131    i.USBD_CtlContinueSendData  usbd_ioreq.o
    0x0800d0b8   0x0800d0b8   0x00000018   Code   RO         4036    i.USBD_CtlError     usbd_ctlreq.o
    0x0800d0d0   0x0800d0d0   0x0000001e   Code   RO         4132    i.USBD_CtlPrepareRx  usbd_ioreq.o
    0x0800d0ee   0x0800d0ee   0x00000016   Code   RO         4133    i.USBD_CtlReceiveStatus  usbd_ioreq.o
    0x0800d104   0x0800d104   0x0000001a   Code   RO         4134    i.USBD_CtlSendData  usbd_ioreq.o
    0x0800d11e   0x0800d11e   0x00000016   Code   RO         4135    i.USBD_CtlSendStatus  usbd_ioreq.o
    0x0800d134   0x0800d134   0x0000003a   Code   RO         4037    i.USBD_GetConfig    usbd_ctlreq.o
    0x0800d16e   0x0800d16e   0x000001d6   Code   RO         4038    i.USBD_GetDescriptor  usbd_ctlreq.o
    0x0800d344   0x0800d344   0x00000014   Code   RO         4039    i.USBD_GetLen       usbd_ctlreq.o
    0x0800d358   0x0800d358   0x0000003c   Code   RO         4040    i.USBD_GetStatus    usbd_ctlreq.o
    0x0800d394   0x0800d394   0x0000003e   Code   RO         4041    i.USBD_GetString    usbd_ctlreq.o
    0x0800d3d2   0x0800d3d2   0x00000024   Code   RO          468    i.USBD_Get_USB_Status  usbd_conf.o
    0x0800d3f6   0x0800d3f6   0x0000002c   Code   RO         3899    i.USBD_Init         usbd_core.o
    0x0800d422   0x0800d422   0x00000012   Code   RO          469    i.USBD_LL_ClearStallEP  usbd_conf.o
    0x0800d434   0x0800d434   0x00000012   Code   RO          470    i.USBD_LL_CloseEP   usbd_conf.o
    0x0800d446   0x0800d446   0x000000d6   Code   RO         3900    i.USBD_LL_DataInStage  usbd_core.o
    0x0800d51c   0x0800d51c   0x00000086   Code   RO         3901    i.USBD_LL_DataOutStage  usbd_core.o
    0x0800d5a2   0x0800d5a2   0x00000008   Code   RO          474    i.USBD_LL_GetRxDataSize  usbd_conf.o
    0x0800d5aa   0x0800d5aa   0x00000002   PAD
    0x0800d5ac   0x0800d5ac   0x00000080   Code   RO          475    i.USBD_LL_Init      usbd_conf.o
    0x0800d62c   0x0800d62c   0x0000001c   Code   RO          476    i.USBD_LL_IsStallEP  usbd_conf.o
    0x0800d648   0x0800d648   0x00000018   Code   RO          477    i.USBD_LL_OpenEP    usbd_conf.o
    0x0800d660   0x0800d660   0x00000012   Code   RO          478    i.USBD_LL_PrepareReceive  usbd_conf.o
    0x0800d672   0x0800d672   0x00000052   Code   RO         3906    i.USBD_LL_Reset     usbd_core.o
    0x0800d6c4   0x0800d6c4   0x00000014   Code   RO         3907    i.USBD_LL_Resume    usbd_core.o
    0x0800d6d8   0x0800d6d8   0x00000018   Code   RO         3908    i.USBD_LL_SOF       usbd_core.o
    0x0800d6f0   0x0800d6f0   0x00000006   Code   RO         3909    i.USBD_LL_SetSpeed  usbd_core.o
    0x0800d6f6   0x0800d6f6   0x00000012   Code   RO          479    i.USBD_LL_SetUSBAddress  usbd_conf.o
    0x0800d708   0x0800d708   0x0000005a   Code   RO         3910    i.USBD_LL_SetupStage  usbd_core.o
    0x0800d762   0x0800d762   0x00000012   Code   RO          480    i.USBD_LL_StallEP   usbd_conf.o
    0x0800d774   0x0800d774   0x00000012   Code   RO          481    i.USBD_LL_Start     usbd_conf.o
    0x0800d786   0x0800d786   0x00000010   Code   RO         3911    i.USBD_LL_Suspend   usbd_core.o
    0x0800d796   0x0800d796   0x00000012   Code   RO          483    i.USBD_LL_Transmit  usbd_conf.o
    0x0800d7a8   0x0800d7a8   0x00000028   Code   RO         4042    i.USBD_ParseSetupRequest  usbd_ctlreq.o
    0x0800d7d0   0x0800d7d0   0x00000012   Code   RO         3912    i.USBD_RegisterClass  usbd_core.o
    0x0800d7e2   0x0800d7e2   0x00000004   Code   RO         3913    i.USBD_RunTestMode  usbd_core.o
    0x0800d7e6   0x0800d7e6   0x00000058   Code   RO         4043    i.USBD_SetAddress   usbd_ctlreq.o
    0x0800d83e   0x0800d83e   0x00000018   Code   RO         3914    i.USBD_SetClassConfig  usbd_core.o
    0x0800d856   0x0800d856   0x00000002   PAD
    0x0800d858   0x0800d858   0x000000cc   Code   RO         4044    i.USBD_SetConfig    usbd_ctlreq.o
    0x0800d924   0x0800d924   0x00000010   Code   RO         4045    i.USBD_SetFeature   usbd_ctlreq.o
    0x0800d934   0x0800d934   0x0000000a   Code   RO         3915    i.USBD_Start        usbd_core.o
    0x0800d93e   0x0800d93e   0x0000006a   Code   RO         4046    i.USBD_StdDevReq    usbd_ctlreq.o
    0x0800d9a8   0x0800d9a8   0x000001e4   Code   RO         4047    i.USBD_StdEPReq     usbd_ctlreq.o
    0x0800db8c   0x0800db8c   0x0000006a   Code   RO         4048    i.USBD_StdItfReq    usbd_ctlreq.o
    0x0800dbf6   0x0800dbf6   0x00000002   Code   RO          484    i.USBD_static_free  usbd_conf.o
    0x0800dbf8   0x0800dbf8   0x00000008   Code   RO          485    i.USBD_static_malloc  usbd_conf.o
    0x0800dc00   0x0800dc00   0x000002be   Code   RO         1389    i.USB_ActivateEndpoint  stm32g4xx_ll_usb.o
    0x0800debe   0x0800debe   0x00000002   PAD
    0x0800dec0   0x0800dec0   0x00000100   Code   RO          355    i.USB_Data_Out      usb_data.o
    0x0800dfc0   0x0800dfc0   0x00000138   Code   RO         1394    i.USB_DeactivateEndpoint  stm32g4xx_ll_usb.o
    0x0800e0f8   0x0800e0f8   0x0000000e   Code   RO         1395    i.USB_DevConnect    stm32g4xx_ll_usb.o
    0x0800e106   0x0800e106   0x0000001a   Code   RO         1397    i.USB_DevInit       stm32g4xx_ll_usb.o
    0x0800e120   0x0800e120   0x00000010   Code   RO         1398    i.USB_DisableGlobalInt  stm32g4xx_ll_usb.o
    0x0800e130   0x0800e130   0x00000004   Code   RO         1399    i.USB_EP0_OutStart  stm32g4xx_ll_usb.o
    0x0800e134   0x0800e134   0x00000084   Code   RO         1400    i.USB_EPClearStall  stm32g4xx_ll_usb.o
    0x0800e1b8   0x0800e1b8   0x0000003c   Code   RO         1401    i.USB_EPSetStall    stm32g4xx_ll_usb.o
    0x0800e1f4   0x0800e1f4   0x00000202   Code   RO         1402    i.USB_EPStartXfer   stm32g4xx_ll_usb.o
    0x0800e3f6   0x0800e3f6   0x00000010   Code   RO         1403    i.USB_EnableGlobalInt  stm32g4xx_ll_usb.o
    0x0800e406   0x0800e406   0x00000002   PAD
    0x0800e408   0x0800e408   0x0000000c   Code   RO          820    i.USB_LP_IRQHandler  stm32g4xx_it.o
    0x0800e414   0x0800e414   0x00000006   Code   RO         1410    i.USB_ReadInterrupts  stm32g4xx_ll_usb.o
    0x0800e41a   0x0800e41a   0x0000002a   Code   RO         1411    i.USB_ReadPMA       stm32g4xx_ll_usb.o
    0x0800e444   0x0800e444   0x0000000e   Code   RO         1414    i.USB_SetDevAddress  stm32g4xx_ll_usb.o
    0x0800e452   0x0800e452   0x00000026   Code   RO         1417    i.USB_WritePMA      stm32g4xx_ll_usb.o
    0x0800e478   0x0800e478   0x00000038   Code   RO          964    i.USER_CAN2_Send    driver_ucan.o
    0x0800e4b0   0x0800e4b0   0x00000020   Code   RO          965    i.USER_CAN3_Send    driver_ucan.o
    0x0800e4d0   0x0800e4d0   0x00000002   Code   RO          821    i.UsageFault_Handler  stm32g4xx_it.o
    0x0800e4d2   0x0800e4d2   0x00000002   PAD
    0x0800e4d4   0x0800e4d4   0x00000034   Code   RO          356    i.Usb_Buf_In        usb_data.o
    0x0800e508   0x0800e508   0x00000034   Code   RO          357    i.Usb_Data_Init     usb_data.o
    0x0800e53c   0x0800e53c   0x0000004c   Code   RO          358    i.Usb_Pro_Pack      usb_data.o
    0x0800e588   0x0800e588   0x00000058   Code   RO          359    i.Usb_Pro_PackT     usb_data.o
    0x0800e5e0   0x0800e5e0   0x000000cc   Code   RO          360    i.Usb_Send_Data     usb_data.o
    0x0800e6ac   0x0800e6ac   0x00000024   Code   RO         4311    i.__0vsprintf       mc_w.l(printfa.o)
    0x0800e6d0   0x0800e6d0   0x00000020   Code   RO         3742    i.__NVIC_SetPriority  stm32g4xx_hal_cortex.o
    0x0800e6f0   0x0800e6f0   0x0000000e   Code   RO         4380    i.__scatterload_copy  mc_w.l(handlers.o)
    0x0800e6fe   0x0800e6fe   0x00000002   Code   RO         4381    i.__scatterload_null  mc_w.l(handlers.o)
    0x0800e700   0x0800e700   0x0000000e   Code   RO         4382    i.__scatterload_zeroinit  mc_w.l(handlers.o)
    0x0800e70e   0x0800e70e   0x00000002   PAD
    0x0800e710   0x0800e710   0x00000184   Code   RO         4312    i._fp_digits        mc_w.l(printfa.o)
    0x0800e894   0x0800e894   0x000006b4   Code   RO         4313    i._printf_core      mc_w.l(printfa.o)
    0x0800ef48   0x0800ef48   0x00000024   Code   RO         4314    i._printf_post_padding  mc_w.l(printfa.o)
    0x0800ef6c   0x0800ef6c   0x0000002e   Code   RO         4315    i._printf_pre_padding  mc_w.l(printfa.o)
    0x0800ef9a   0x0800ef9a   0x0000000a   Code   RO         4317    i._sputc            mc_w.l(printfa.o)
    0x0800efa4   0x0800efa4   0x0000008c   Code   RO           16    i.cpuflash_WriteData  inter_flash.o
    0x0800f030   0x0800f030   0x000000b4   Code   RO           19    i.cpuflash_erase    inter_flash.o
    0x0800f0e4   0x0800f0e4   0x000000dc   Code   RO           21    i.cpuflash_write    inter_flash.o
    0x0800f1c0   0x0800f1c0   0x00000044   Code   RO          258    i.main              main.o
    0x0800f204   0x0800f204   0x00000010   Data   RO         1649    .constdata          stm32g4xx_hal_fdcan.o
    0x0800f214   0x0800f214   0x00000010   Data   RO         3861    .constdata          system_stm32g4xx.o
    0x0800f224   0x0800f224   0x00000008   Data   RO         3862    .constdata          system_stm32g4xx.o
    0x0800f22c   0x0800f22c   0x00000020   Data   RO         4378    Region$$Table       anon$$obj.o


    Execution Region RW_IRAM1 (Exec base: 0x20000000, Load base: 0x0800f24c, Size: 0x00002fa0, Max: 0x00020000, ABSOLUTE, COMPRESSED[0x000000cc])

    Exec Addr    Load Addr    Size         Type   Attr      Idx    E Section Name        Object

    0x20000000   COMPRESSED   0x00000002   Data   RW          362    .data               usb_data.o
    0x20000002   COMPRESSED   0x00000002   PAD
    0x20000004   COMPRESSED   0x00000020   Data   RW          680    .data               usbd_desc.o
    0x20000024   COMPRESSED   0x00000032   Data   RW          681    .data               usbd_desc.o
    0x20000056   COMPRESSED   0x00000002   PAD
    0x20000058   COMPRESSED   0x00000010   Data   RW          764    .data               usbd_cdc_if.o
    0x20000068   COMPRESSED   0x00000004   Data   RW          909    .data               stm32g4xx_hal_msp.o
    0x2000006c   COMPRESSED   0x00000048   Data   RW          968    .data               driver_ucan.o
    0x200000b4   COMPRESSED   0x0000000c   Data   RW         2419    .data               stm32g4xx_hal.o
    0x200000c0   COMPRESSED   0x00000020   Data   RW         2877    .data               stm32g4xx_hal_flash.o
    0x200000e0   COMPRESSED   0x00000004   Data   RW         3863    .data               system_stm32g4xx.o
    0x200000e4   COMPRESSED   0x00000001   Data   RW         4049    .data               usbd_ctlreq.o
    0x200000e5   COMPRESSED   0x00000003   PAD
    0x200000e8   COMPRESSED   0x000000d7   Data   RW         4206    .data               usbd_cdc.o
    0x200001bf   COMPRESSED   0x00000001   PAD
    0x200001c0   COMPRESSED   0x00000038   Data   RW         4207    .data               usbd_cdc.o
    0x200001f8        -       0x0000010f   Zero   RW           22    .bss                inter_flash.o
    0x20000307        -       0x000006ba   Zero   RW          361    .bss                usb_data.o
    0x200009c1   COMPRESSED   0x00000003   PAD
    0x200009c4        -       0x000002c4   Zero   RW          423    .bss                usb_device.o
    0x20000c88        -       0x00000494   Zero   RW          486    .bss                usbd_conf.o
    0x2000111c        -       0x00000200   Zero   RW          679    .bss                usbd_desc.o
    0x2000131c        -       0x000007d0   Zero   RW          763    .bss                usbd_cdc_if.o
    0x20001aec        -       0x000002b0   Zero   RW          967    .bss                driver_ucan.o
    0x20001d9c   COMPRESSED   0x00000004   PAD
    0x20001da0        -       0x00001200   Zero   RW            1    STACK               startup_stm32g473xx.o


==============================================================================

Image component sizes


      Code (inc. data)   RO Data    RW Data    ZI Data      Debug   Object Name

      1568        396          0         72        688       8580   driver_ucan.o
       792        232          0          0        271     689952   inter_flash.o
       358         20          0          0          0       9131   main.o
        36          8        472          0       4608        840   startup_stm32g473xx.o
       170         22          0         12          0       4365   stm32g4xx_hal.o
       232         14          0          0          0      34789   stm32g4xx_hal_cortex.o
      2052         36         16          0          0      21175   stm32g4xx_hal_fdcan.o
       372         48          0         32          0      23586   stm32g4xx_hal_flash.o
       480         28          0          0          0       3346   stm32g4xx_hal_flash_ex.o
       712         62          0          0          0       3390   stm32g4xx_hal_gpio.o
       384         50          0          4          0      10268   stm32g4xx_hal_msp.o
      1772          0          0          0          0      11161   stm32g4xx_hal_pcd.o
        88          0          0          0          0       1866   stm32g4xx_hal_pcd_ex.o
       204         14          0          0          0        910   stm32g4xx_hal_pwr_ex.o
      1848         96          0          0          0       7904   stm32g4xx_hal_rcc.o
       784          8          0          0          0       2064   stm32g4xx_hal_rcc_ex.o
        90         24          0          0          0       5578   stm32g4xx_it.o
      1896          0          0          0          0      15539   stm32g4xx_ll_usb.o
        28          8         24          4          0       1147   system_stm32g4xx.o
        92          0          0          0          0       2827   tool.o
      2228        602          0          2       1722      37094   usb_data.o
        84         18          0          0        708        784   usb_device.o
       730         16          0        271          0      13713   usbd_cdc.o
       116         20          0         16       2000       3468   usbd_cdc_if.o
       714         38          0          0       1172      15183   usbd_conf.o
       700          0          0          0          0      10491   usbd_core.o
      1776         22          0          1          0      11780   usbd_ctlreq.o
       358        112          0         82        512       6686   usbd_desc.o
       132          0          0          0          0       4560   usbd_ioreq.o

    ----------------------------------------------------------------------
     20830       1894        544        504      11688     962177   Object Totals
         0          0         32          0          0          0   (incl. Generated)
        34          0          0          8          7          0   (incl. Padding)

    ----------------------------------------------------------------------

      Code (inc. data)   RO Data    RW Data    ZI Data      Debug   Library Member Name

        86          0          0          0          0          0   __dczerorl2.o
         0          0          0          0          0          0   entry.o
         0          0          0          0          0          0   entry10a.o
         0          0          0          0          0          0   entry11a.o
         4          0          0          0          0          0   entry12b.o
         8          4          0          0          0          0   entry2.o
         4          0          0          0          0          0   entry5.o
         0          0          0          0          0          0   entry7b.o
         0          0          0          0          0          0   entry8b.o
         8          4          0          0          0          0   entry9a.o
        30          0          0          0          0          0   handlers.o
        36          8          0          0          0         68   init.o
         0          0          0          0          0          0   iusefp.o
        30          0          0          0          0         68   llshl.o
        36          0          0          0          0         68   llsshr.o
        32          0          0          0          0         68   llushr.o
        36          0          0          0          0         68   memcpya.o
        36          0          0          0          0        108   memseta.o
      2232         86          0          0          0        528   printfa.o
        44          0          0          0          0         80   uidiv.o
        98          0          0          0          0         92   uldiv.o
        48          0          0          0          0         68   cdrcmple.o
       334          0          0          0          0        148   dadd.o
       222          0          0          0          0        100   ddiv.o
       186          0          0          0          0        176   depilogue.o
        48          0          0          0          0         68   dfixul.o
       228          0          0          0          0         96   dmul.o

    ----------------------------------------------------------------------
      3790        102          0          0          0       1804   Library Totals
         4          0          0          0          0          0   (incl. Padding)

    ----------------------------------------------------------------------

      Code (inc. data)   RO Data    RW Data    ZI Data      Debug   Library Name

      2720        102          0          0          0       1148   mc_w.l
      1066          0          0          0          0        656   mf_w.l

    ----------------------------------------------------------------------
      3790        102          0          0          0       1804   Library Totals

    ----------------------------------------------------------------------

==============================================================================


      Code (inc. data)   RO Data    RW Data    ZI Data      Debug   

     24620       1996        544        504      11688     942329   Grand Totals
     24620       1996        544        204      11688     942329   ELF Image Totals (compressed)
     24620       1996        544        204          0          0   ROM Totals

==============================================================================

    Total RO  Size (Code + RO Data)                25164 (  24.57kB)
    Total RW  Size (RW Data + ZI Data)             12192 (  11.91kB)
    Total ROM Size (Code + RO Data + RW Data)      25368 (  24.77kB)

==============================================================================

